Archive member included to satisfy reference by file (symbol)

.\CortexM3\ARM_GCC_541\Debug\Domoticaconblink.a(UART.o)
                              .\CortexM3\ARM_GCC_541\Debug\main.o (UART_Start)
.\CortexM3\ARM_GCC_541\Debug\Domoticaconblink.a(LCD.o)
                              .\CortexM3\ARM_GCC_541\Debug\main.o (LCD_PrintString)
.\CortexM3\ARM_GCC_541\Debug\Domoticaconblink.a(IRQRX.o)
                              .\CortexM3\ARM_GCC_541\Debug\main.o (IRQRX_StartEx)
.\CortexM3\ARM_GCC_541\Debug\Domoticaconblink.a(I2C.o)
                              .\CortexM3\ARM_GCC_541\Debug\main.o (I2C_Start)
.\CortexM3\ARM_GCC_541\Debug\Domoticaconblink.a(I2C_INT.o)
                              .\CortexM3\ARM_GCC_541\Debug\Domoticaconblink.a(I2C.o) (I2C_ISR)
.\CortexM3\ARM_GCC_541\Debug\Domoticaconblink.a(I2C_PM.o)
                              .\CortexM3\ARM_GCC_541\Debug\Domoticaconblink.a(I2C.o) (I2C_backup)
.\CortexM3\ARM_GCC_541\Debug\Domoticaconblink.a(I2C_MASTER.o)
                              .\CortexM3\ARM_GCC_541\Debug\Domoticaconblink.a(I2C.o) (I2C_mstrStatus)
.\CortexM3\ARM_GCC_541\Debug\Domoticaconblink.a(UART_IntClock.o)
                              .\CortexM3\ARM_GCC_541\Debug\Domoticaconblink.a(UART.o) (UART_IntClock_Start)
.\CortexM3\ARM_GCC_541\Debug\Domoticaconblink.a(CyLib.o)
                              .\CortexM3\ARM_GCC_541\Debug\Cm3Start.o (CyHalt)
.\CortexM3\ARM_GCC_541\Debug\Domoticaconblink.a(cyPm.o)
                              .\CortexM3\ARM_GCC_541\Debug\Domoticaconblink.a(CyLib.o) (CyPmReadStatus)
.\CortexM3\ARM_GCC_541\Debug\Domoticaconblink.a(PWM.o)
                              .\CortexM3\ARM_GCC_541\Debug\main.o (PWM_WriteCompare1)
.\CortexM3\ARM_GCC_541\Debug\Domoticaconblink.a(PINA.o)
                              .\CortexM3\ARM_GCC_541\Debug\main.o (PINA_Write)
.\CortexM3\ARM_GCC_541\Debug\Domoticaconblink.a(PINB.o)
                              .\CortexM3\ARM_GCC_541\Debug\main.o (PINB_Write)
.\CortexM3\ARM_GCC_541\Debug\Domoticaconblink.a(PINC.o)
                              .\CortexM3\ARM_GCC_541\Debug\main.o (PINC_Write)
.\CortexM3\ARM_GCC_541\Debug\Domoticaconblink.a(PIND.o)
                              .\CortexM3\ARM_GCC_541\Debug\main.o (PIND_Write)
.\CortexM3\ARM_GCC_541\Debug\Domoticaconblink.a(EEPROM.o)
                              .\CortexM3\ARM_GCC_541\Debug\main.o (EEPROM_Start)
.\CortexM3\ARM_GCC_541\Debug\Domoticaconblink.a(ADC.o)
                              .\CortexM3\ARM_GCC_541\Debug\main.o (ADC_Start)
.\CortexM3\ARM_GCC_541\Debug\Domoticaconblink.a(ADC_INT.o)
                              .\CortexM3\ARM_GCC_541\Debug\Domoticaconblink.a(ADC.o) (ADC_ISR)
.\CortexM3\ARM_GCC_541\Debug\Domoticaconblink.a(ADC_theACLK.o)
                              .\CortexM3\ARM_GCC_541\Debug\Domoticaconblink.a(ADC.o) (ADC_theACLK_SetModeRegister)
.\CortexM3\ARM_GCC_541\Debug\Domoticaconblink.a(PINMOV.o)
                              .\CortexM3\ARM_GCC_541\Debug\main.o (PINMOV_ClearInterrupt)
.\CortexM3\ARM_GCC_541\Debug\Domoticaconblink.a(ISR_MOV.o)
                              .\CortexM3\ARM_GCC_541\Debug\main.o (ISR_MOV_StartEx)
.\CortexM3\ARM_GCC_541\Debug\Domoticaconblink.a(CyBootAsmGnu.o)
                              .\CortexM3\ARM_GCC_541\Debug\cyfitter_cfg.o (CyDelayCycles)
.\CortexM3\ARM_GCC_541\Debug\Domoticaconblink.a(CyFlash.o)
                              .\CortexM3\ARM_GCC_541\Debug\Domoticaconblink.a(EEPROM.o) (dieTemperature)
.\CortexM3\ARM_GCC_541\Debug\Domoticaconblink.a(CySpc.o)
                              .\CortexM3\ARM_GCC_541\Debug\Domoticaconblink.a(EEPROM.o) (CySpcStart)
c:/program files (x86)/cypress/psoc creator/4.2/psoc creator/import/gnu/arm/5.4.1/bin/../lib/gcc/arm-none-eabi/5.4.1/armv7-m\libgcc.a(_arm_addsubsf3.o)
                              .\CortexM3\ARM_GCC_541\Debug\Domoticaconblink.a(ADC.o) (__aeabi_i2f)
c:/program files (x86)/cypress/psoc creator/4.2/psoc creator/import/gnu/arm/5.4.1/bin/../lib/gcc/arm-none-eabi/5.4.1/armv7-m\libgcc.a(_arm_muldivsf3.o)
                              .\CortexM3\ARM_GCC_541\Debug\Domoticaconblink.a(ADC.o) (__aeabi_fmul)
c:/program files (x86)/cypress/psoc creator/4.2/psoc creator/import/gnu/arm/5.4.1/bin/../lib/gcc/arm-none-eabi/5.4.1/armv7-m\libgcc.a(_aeabi_ldivmod.o)
                              .\CortexM3\ARM_GCC_541\Debug\Domoticaconblink.a(ADC.o) (__aeabi_ldivmod)
c:/program files (x86)/cypress/psoc creator/4.2/psoc creator/import/gnu/arm/5.4.1/bin/../lib/gcc/arm-none-eabi/5.4.1/armv7-m\libgcc.a(_udivmoddi4.o)
                              c:/program files (x86)/cypress/psoc creator/4.2/psoc creator/import/gnu/arm/5.4.1/bin/../lib/gcc/arm-none-eabi/5.4.1/armv7-m\libgcc.a(_aeabi_ldivmod.o) (__udivmoddi4)
c:/program files (x86)/cypress/psoc creator/4.2/psoc creator/import/gnu/arm/5.4.1/bin/../lib/gcc/arm-none-eabi/5.4.1/armv7-m\libgcc.a(_dvmd_tls.o)
[...]
Memory Configuration

Name             Origin             Length             Attributes
rom              0x00000000         0x00040000         xr
ram              0x1fff8000         0x00010000         xrw
*default*        0x00000000         0xffffffff

Linker script and memory map

LOAD c:/program files (x86)/cypress/psoc creator/4.2/psoc creator/import/gnu/arm/5.4.1/bin/../lib/gcc/arm-none-eabi/5.4.1/armv7-m/crti.o
LOAD c:/program files (x86)/cypress/psoc creator/4.2/psoc creator/import/gnu/arm/5.4.1/bin/../lib/gcc/arm-none-eabi/5.4.1/armv7-m/crtbegin.o
LOAD c:/program files (x86)/cypress/psoc creator/4.2/psoc creator/import/gnu/arm/5.4.1/bin/../lib/gcc/arm-none-eabi/5.4.1/../../../../arm-none-eabi/lib/armv7-m/crt0.o
START GROUP
LOAD .\CortexM3\ARM_GCC_541\Debug\main.o
LOAD .\CortexM3\ARM_GCC_541\Debug\cyfitter_cfg.o
LOAD .\CortexM3\ARM_GCC_541\Debug\cymetadata.o
LOAD .\CortexM3\ARM_GCC_541\Debug\Cm3Start.o
LOAD .\CortexM3\ARM_GCC_541\Debug\Domoticaconblink.a
LOAD C:\Program Files (x86)\Cypress\PSoC Creator\4.2\PSoC Creator\psoc\content\cycomponentlibrary\CyComponentLibrary.cylib\CortexM3\ARM_GCC_541\Debug\CyComponentLibrary.a
END GROUP
START GROUP
LOAD c:/program files (x86)/cypress/psoc creator/4.2/psoc creator/import/gnu/arm/5.4.1/bin/../lib/gcc/arm-none-eabi/5.4.1/armv7-m\libgcc.a
LOAD c:/program files (x86)/cypress/psoc creator/4.2/psoc creator/import/gnu/arm/5.4.1/bin/../lib/gcc/arm-none-eabi/5.4.1/../../../../arm-none-eabi/lib/armv7-m\libg_nano.a
LOAD c:/program files (x86)/cypress/psoc creator/4.2/psoc creator/import/gnu/arm/5.4.1/bin/../lib/gcc/arm-none-eabi/5.4.1/../../../../arm-none-eabi/lib/armv7-m\libc_nano.a
END GROUP
START GROUP
LOAD c:/program files (x86)/cypress/psoc creator/4.2/psoc creator/import/gnu/arm/5.4.1/bin/../lib/gcc/arm-none-eabi/5.4.1/armv7-m\libgcc.a
LOAD c:/program files (x86)/cypress/psoc creator/4.2/psoc creator/import/gnu/arm/5.4.1/bin/../lib/gcc/arm-none-eabi/5.4.1/../../../../arm-none-eabi/lib/armv7-m\libc_nano.a
END GROUP
LOAD c:/program files (x86)/cypress/psoc creator/4.2/psoc creator/import/gnu/arm/5.4.1/bin/../lib/gcc/arm-none-eabi/5.4.1/armv7-m/crtend.o
LOAD c:/program files (x86)/cypress/psoc creator/4.2/psoc creator/import/gnu/arm/5.4.1/bin/../lib/gcc/arm-none-eabi/5.4.1/armv7-m/crtn.o
START GROUP
LOAD c:/program files (x86)/cypress/psoc creator/4.2/psoc creator/import/gnu/arm/5.4.1/bin/../lib/gcc/arm-none-eabi/5.4.1/armv7-m\libgcc.a
LOAD c:/program files (x86)/cypress/psoc creator/4.2/psoc creator/import/gnu/arm/5.4.1/bin/../lib/gcc/arm-none-eabi/5.4.1/../../../../arm-none-eabi/lib/armv7-m\libc.a
LOAD c:/program files (x86)/cypress/psoc creator/4.2/psoc creator/import/gnu/arm/5.4.1/bin/../lib/gcc/arm-none-eabi/5.4.1/../../../../arm-none-eabi/lib/armv7-m\libnosys.a
END GROUP
                0x00000000                CY_APPL_ORIGIN = 0x0
                0x00000100                CY_FLASH_ROW_SIZE = 0x100
                0x00000020                CY_ECC_ROW_SIZE = 0x20
                0x00000000                CY_EE_IN_BTLDR = 0x0
                0x00000000                CY_APPL_LOADABLE = 0x0
                0x00000800                CY_EE_SIZE = 0x800
                0x00000001                CY_APPL_NUM = 0x1
                0x00000001                CY_APPL_MAX = 0x1
                0x00000040                CY_METADATA_SIZE = 0x40
                0x00000000                CY_APPL_LOADABLE = 0x0
                0x00000000                CY_CHECKSUM_EXCLUDE_SIZE = ALIGN (0x0, CY_FLASH_ROW_SIZE)
                [!provide]                PROVIDE (__cy_heap_start, _end)
                0x00000001                PROVIDE (__cy_region_num, ((__cy_regions_end - __cy_regions) / 0x10))
                0x20008000                PROVIDE (__cy_stack, (ORIGIN (ram) + LENGTH (ram)))
                [!provide]                PROVIDE (__cy_heap_end, (__cy_stack - 0x800))

.cybootloader   0x00000000        0x0
 *(.cybootloader)
                0x00000000                appl1_start = CY_APPL_ORIGIN?CY_APPL_ORIGIN:ALIGN (CY_FLASH_ROW_SIZE)
                0x0001ff00                appl2_start = (appl1_start + ALIGN ((((LENGTH (rom) - appl1_start) - (0x2 * CY_FLASH_ROW_SIZE)) / 0x2), CY_FLASH_ROW_SIZE))
                0x00000000                appl_start = (CY_APPL_NUM == 0x1)?appl1_start:appl2_start
                0x00000000                ecc_offset = ((appl_start / CY_FLASH_ROW_SIZE) * CY_ECC_ROW_SIZE)
                0x00000000                ee_offset = (CY_APPL_LOADABLE && ! (CY_EE_IN_BTLDR))?((CY_EE_SIZE / CY_APPL_MAX) * (CY_APPL_NUM - 0x1)):0x0
                0x00000800                ee_size = (CY_APPL_LOADABLE && ! (CY_EE_IN_BTLDR))?(CY_EE_SIZE / CY_APPL_MAX):CY_EE_SIZE
                [!provide]                PROVIDE (CY_ECC_OFFSET, ecc_offset)

.text           0x00000000     0x23c4
 CREATE_OBJECT_SYMBOLS
                0x00000000                PROVIDE (__cy_interrupt_vector, RomVectors)
 *(.romvectors)
 .romvectors    0x00000000       0x10 .\CortexM3\ARM_GCC_541\Debug\Cm3Start.o
                0x00000000                RomVectors
                0x00000001                ASSERT ((. != __cy_interrupt_vector), No interrupt vector)
                0x00000001                ASSERT (CY_APPL_ORIGIN?(SIZEOF (.cybootloader) <= CY_APPL_ORIGIN):0x1, Wrong image location)
                0x00000010                PROVIDE (__cy_reset, Reset)
 *(.text.Reset)
 .text.Reset    0x00000010       0x18 .\CortexM3\ARM_GCC_541\Debug\Cm3Start.o
                0x00000010                Reset
                0x00000001                ASSERT ((. != __cy_reset), No reset code)
 *(.dma_init)
                0x00000001                ASSERT ((((appl_start + .) <= 0x10000) || 0x1), DMA Init must be within the first 64k of flash)
 *(.text .text.* .gnu.linkonce.t.*)
 .text          0x00000028       0x5c c:/program files (x86)/cypress/psoc creator/4.2/psoc creator/import/gnu/arm/5.4.1/bin/../lib/gcc/arm-none-eabi/5.4.1/armv7-m/crtbegin.o
 .text.InterrupRx
                0x00000084      0x244 .\CortexM3\ARM_GCC_541\Debug\main.o
                0x00000084                InterrupRx
 .text.InterrupISR
                0x000002c8       0x10 .\CortexM3\ARM_GCC_541\Debug\main.o
                0x000002c8                InterrupISR
 .text.DS_begintx
                0x000002d8       0x10 .\CortexM3\ARM_GCC_541\Debug\main.o
                0x000002d8                DS_begintx
 .text.DS_get_data
                0x000002e8       0x34 .\CortexM3\ARM_GCC_541\Debug\main.o
                0x000002e8                DS_get_data
 .text.reloj    0x0000031c       0x5c .\CortexM3\ARM_GCC_541\Debug\main.o
                0x0000031c                reloj
 .text.muestreo
                0x00000378       0x80 .\CortexM3\ARM_GCC_541\Debug\main.o
                0x00000378                muestreo
 .text.main     0x000003f8       0x68 .\CortexM3\ARM_GCC_541\Debug\main.o
                0x000003f8                main
 .text.CyClockStartupError
                0x00000460        0x4 .\CortexM3\ARM_GCC_541\Debug\cyfitter_cfg.o
 .text.cfg_write_bytes32
                0x00000464       0x34 .\CortexM3\ARM_GCC_541\Debug\cyfitter_cfg.o
 .text.CYMEMZERO
                0x00000498        0xc .\CortexM3\ARM_GCC_541\Debug\cyfitter_cfg.o
 .text.AnalogSetDefault
                0x000004a4       0x7c .\CortexM3\ARM_GCC_541\Debug\cyfitter_cfg.o
 .text.CYCONFIGCPY
                0x00000520        0x8 .\CortexM3\ARM_GCC_541\Debug\cyfitter_cfg.o
 .text.ClockSetup
                0x00000528       0xf8 .\CortexM3\ARM_GCC_541\Debug\cyfitter_cfg.o
 .text.cyfitter_cfg
                0x00000620      0x114 .\CortexM3\ARM_GCC_541\Debug\cyfitter_cfg.o
                0x00000620                cyfitter_cfg
 .text.IntDefaultHandler
                0x00000734       0x10 .\CortexM3\ARM_GCC_541\Debug\Cm3Start.o
                0x00000734                IntDefaultHandler
 .text._sbrk    0x00000744       0x30 .\CortexM3\ARM_GCC_541\Debug\Cm3Start.o
                0x00000744                _sbrk
 .text.Start_c  0x00000774       0x4c .\CortexM3\ARM_GCC_541\Debug\Cm3Start.o
                0x00000774                Start_c
 .text.initialize_psoc
                0x000007c0       0x68 .\CortexM3\ARM_GCC_541\Debug\Cm3Start.o
                0x000007c0                initialize_psoc
 .text.UART_Init
                0x00000828       0x28 .\CortexM3\ARM_GCC_541\Debug\Domoticaconblink.a(UART.o)
                0x00000828                UART_Init
 .text.UART_Enable
                0x00000850       0x38 .\CortexM3\ARM_GCC_541\Debug\Domoticaconblink.a(UART.o)
                0x00000850                UART_Enable
 .text.UART_Start
                0x00000888       0x1c .\CortexM3\ARM_GCC_541\Debug\Domoticaconblink.a(UART.o)
                0x00000888                UART_Start
 .text.UART_GetChar
                0x000008a4       0x2c .\CortexM3\ARM_GCC_541\Debug\Domoticaconblink.a(UART.o)
                0x000008a4                UART_GetChar
 .text.UART_PutChar
                0x000008d0       0x18 .\CortexM3\ARM_GCC_541\Debug\Domoticaconblink.a(UART.o)
                0x000008d0                UART_PutChar
 .text.UART_PutString
                0x000008e8       0x24 .\CortexM3\ARM_GCC_541\Debug\Domoticaconblink.a(UART.o)
                0x000008e8                UART_PutString
 .text.LCD_WrCntrlNib
                0x0000090c       0x34 .\CortexM3\ARM_GCC_541\Debug\Domoticaconblink.a(LCD.o)
 .text.LCD_WrDatNib
                0x00000940       0x44 .\CortexM3\ARM_GCC_541\Debug\Domoticaconblink.a(LCD.o)
 .text.LCD_IsReady
                0x00000984       0xe4 .\CortexM3\ARM_GCC_541\Debug\Domoticaconblink.a(LCD.o)
                0x00000984                LCD_IsReady
 .text.LCD_WriteData
                0x00000a68       0x18 .\CortexM3\ARM_GCC_541\Debug\Domoticaconblink.a(LCD.o)
                0x00000a68                LCD_WriteData
 .text.LCD_PrintString
                0x00000a80       0x1c .\CortexM3\ARM_GCC_541\Debug\Domoticaconblink.a(LCD.o)
                0x00000a80                LCD_PrintString
 .text.LCD_PutChar
                0x00000a9c        0x8 .\CortexM3\ARM_GCC_541\Debug\Domoticaconblink.a(LCD.o)
                0x00000a9c                LCD_PutChar
 .text.LCD_WriteControl
                0x00000aa4       0x18 .\CortexM3\ARM_GCC_541\Debug\Domoticaconblink.a(LCD.o)
                0x00000aa4                LCD_WriteControl
 .text.LCD_Init
                0x00000abc       0x6c .\CortexM3\ARM_GCC_541\Debug\Domoticaconblink.a(LCD.o)
                0x00000abc                LCD_Init
 .text.LCD_Enable
                0x00000b28       0x14 .\CortexM3\ARM_GCC_541\Debug\Domoticaconblink.a(LCD.o)
                0x00000b28                LCD_Enable
 .text.LCD_Start
                0x00000b3c       0x1c .\CortexM3\ARM_GCC_541\Debug\Domoticaconblink.a(LCD.o)
                0x00000b3c                LCD_Start
 .text.LCD_Position
                0x00000b58       0x3c .\CortexM3\ARM_GCC_541\Debug\Domoticaconblink.a(LCD.o)
                0x00000b58                LCD_Position
 .text.LCD_PrintU32Number
                0x00000b94       0x64 .\CortexM3\ARM_GCC_541\Debug\Domoticaconblink.a(LCD.o)
                0x00000b94                LCD_PrintU32Number
 .text.IRQRX_SetVector
                0x00000bf8        0xc .\CortexM3\ARM_GCC_541\Debug\Domoticaconblink.a(IRQRX.o)
                0x00000bf8                IRQRX_SetVector
 .text.IRQRX_SetPriority
                0x00000c04       0x10 .\CortexM3\ARM_GCC_541\Debug\Domoticaconblink.a(IRQRX.o)
                0x00000c04                IRQRX_SetPriority
 .text.IRQRX_Enable
                0x00000c14        0xc .\CortexM3\ARM_GCC_541\Debug\Domoticaconblink.a(IRQRX.o)
                0x00000c14                IRQRX_Enable
 .text.IRQRX_Disable
                0x00000c20        0xc .\CortexM3\ARM_GCC_541\Debug\Domoticaconblink.a(IRQRX.o)
                0x00000c20                IRQRX_Disable
 .text.IRQRX_StartEx
                0x00000c2c       0x1c .\CortexM3\ARM_GCC_541\Debug\Domoticaconblink.a(IRQRX.o)
                0x00000c2c                IRQRX_StartEx
 .text.I2C_Init
                0x00000c48       0x68 .\CortexM3\ARM_GCC_541\Debug\Domoticaconblink.a(I2C.o)
                0x00000c48                I2C_Init
 .text.I2C_Enable
                0x00000cb0       0x24 .\CortexM3\ARM_GCC_541\Debug\Domoticaconblink.a(I2C.o)
                0x00000cb0                I2C_Enable
 .text.I2C_Start
                0x00000cd4       0x28 .\CortexM3\ARM_GCC_541\Debug\Domoticaconblink.a(I2C.o)
                0x00000cd4                I2C_Start
 .text.I2C_ISR  0x00000cfc      0x2d0 .\CortexM3\ARM_GCC_541\Debug\Domoticaconblink.a(I2C_INT.o)
                0x00000cfc                I2C_ISR
 .text.I2C_MasterSendStart
                0x00000fcc       0x80 .\CortexM3\ARM_GCC_541\Debug\Domoticaconblink.a(I2C_MASTER.o)
                0x00000fcc                I2C_MasterSendStart
 .text.I2C_MasterSendRestart
                0x0000104c       0x6c .\CortexM3\ARM_GCC_541\Debug\Domoticaconblink.a(I2C_MASTER.o)
                0x0000104c                I2C_MasterSendRestart
 .text.I2C_MasterSendStop
                0x000010b8       0x38 .\CortexM3\ARM_GCC_541\Debug\Domoticaconblink.a(I2C_MASTER.o)
                0x000010b8                I2C_MasterSendStop
 .text.I2C_MasterWriteByte
                0x000010f0       0x58 .\CortexM3\ARM_GCC_541\Debug\Domoticaconblink.a(I2C_MASTER.o)
                0x000010f0                I2C_MasterWriteByte
 .text.I2C_MasterReadByte
                0x00001148       0x58 .\CortexM3\ARM_GCC_541\Debug\Domoticaconblink.a(I2C_MASTER.o)
                0x00001148                I2C_MasterReadByte
 .text.UART_IntClock_Start
                0x000011a0       0x1c .\CortexM3\ARM_GCC_541\Debug\Domoticaconblink.a(UART_IntClock.o)
                0x000011a0                UART_IntClock_Start
 .text.CyHalt   0x000011bc        0x4 .\CortexM3\ARM_GCC_541\Debug\Domoticaconblink.a(CyLib.o)
                0x000011bc                CyHalt
 .text.CyDelay  0x000011c0       0x2c .\CortexM3\ARM_GCC_541\Debug\Domoticaconblink.a(CyLib.o)
                0x000011c0                CyDelay
 .text.CyDelayUs
                0x000011ec       0x14 .\CortexM3\ARM_GCC_541\Debug\Domoticaconblink.a(CyLib.o)
                0x000011ec                CyDelayUs
 .text.CyIntSetVector
                0x00001200       0x28 .\CortexM3\ARM_GCC_541\Debug\Domoticaconblink.a(CyLib.o)
                0x00001200                CyIntSetVector
 .text.CyIntSetPriority
                0x00001228       0x30 .\CortexM3\ARM_GCC_541\Debug\Domoticaconblink.a(CyLib.o)
                0x00001228                CyIntSetPriority
 .text.PWM_Enable
                0x00001258       0x10 .\CortexM3\ARM_GCC_541\Debug\Domoticaconblink.a(PWM.o)
                0x00001258                PWM_Enable
 .text.PWM_WriteCounter
                0x00001268        0xc .\CortexM3\ARM_GCC_541\Debug\Domoticaconblink.a(PWM.o)
                0x00001268                PWM_WriteCounter
 .text.PWM_WritePeriod
                0x00001274        0xc .\CortexM3\ARM_GCC_541\Debug\Domoticaconblink.a(PWM.o)
                0x00001274                PWM_WritePeriod
 .text.PWM_WriteCompare1
                0x00001280        0xc .\CortexM3\ARM_GCC_541\Debug\Domoticaconblink.a(PWM.o)
                0x00001280                PWM_WriteCompare1
 .text.PWM_WriteCompare2
                0x0000128c        0xc .\CortexM3\ARM_GCC_541\Debug\Domoticaconblink.a(PWM.o)
                0x0000128c                PWM_WriteCompare2
 .text.PWM_SetInterruptMode
                0x00001298        0xc .\CortexM3\ARM_GCC_541\Debug\Domoticaconblink.a(PWM.o)
                0x00001298                PWM_SetInterruptMode
 .text.PWM_ReadStatusRegister
                0x000012a4        0xc .\CortexM3\ARM_GCC_541\Debug\Domoticaconblink.a(PWM.o)
                0x000012a4                PWM_ReadStatusRegister
 .text.PWM_ReadCapture
                0x000012b0        0xc .\CortexM3\ARM_GCC_541\Debug\Domoticaconblink.a(PWM.o)
                0x000012b0                PWM_ReadCapture
 .text.PWM_ClearFIFO
                0x000012bc       0x14 .\CortexM3\ARM_GCC_541\Debug\Domoticaconblink.a(PWM.o)
                0x000012bc                PWM_ClearFIFO
 .text.PWM_Init
                0x000012d0       0x58 .\CortexM3\ARM_GCC_541\Debug\Domoticaconblink.a(PWM.o)
                0x000012d0                PWM_Init
 .text.PWM_Start
                0x00001328       0x1c .\CortexM3\ARM_GCC_541\Debug\Domoticaconblink.a(PWM.o)
                0x00001328                PWM_Start
 .text.PINA_Write
                0x00001344       0x18 .\CortexM3\ARM_GCC_541\Debug\Domoticaconblink.a(PINA.o)
                0x00001344                PINA_Write
 .text.PINA_Read
                0x0000135c       0x10 .\CortexM3\ARM_GCC_541\Debug\Domoticaconblink.a(PINA.o)
                0x0000135c                PINA_Read
 .text.PINB_Write
                0x0000136c       0x18 .\CortexM3\ARM_GCC_541\Debug\Domoticaconblink.a(PINB.o)
                0x0000136c                PINB_Write
 .text.PINB_Read
                0x00001384       0x10 .\CortexM3\ARM_GCC_541\Debug\Domoticaconblink.a(PINB.o)
                0x00001384                PINB_Read
 .text.PINC_Write
                0x00001394       0x18 .\CortexM3\ARM_GCC_541\Debug\Domoticaconblink.a(PINC.o)
                0x00001394                PINC_Write
 .text.PINC_Read
                0x000013ac       0x10 .\CortexM3\ARM_GCC_541\Debug\Domoticaconblink.a(PINC.o)
                0x000013ac                PINC_Read
 .text.PIND_Write
                0x000013bc       0x18 .\CortexM3\ARM_GCC_541\Debug\Domoticaconblink.a(PIND.o)
                0x000013bc                PIND_Write
 .text.PIND_Read
                0x000013d4        0xc .\CortexM3\ARM_GCC_541\Debug\Domoticaconblink.a(PIND.o)
                0x000013d4                PIND_Read
 .text.EEPROM_Enable
                0x000013e0        0xc .\CortexM3\ARM_GCC_541\Debug\Domoticaconblink.a(EEPROM.o)
                0x000013e0                EEPROM_Enable
 .text.EEPROM_Start
                0x000013ec        0x8 .\CortexM3\ARM_GCC_541\Debug\Domoticaconblink.a(EEPROM.o)
                0x000013ec                EEPROM_Start
 .text.EEPROM_WriteByte
                0x000013f4       0xd0 .\CortexM3\ARM_GCC_541\Debug\Domoticaconblink.a(EEPROM.o)
                0x000013f4                EEPROM_WriteByte
 .text.EEPROM_ReadByte
                0x000014c4       0x28 .\CortexM3\ARM_GCC_541\Debug\Domoticaconblink.a(EEPROM.o)
                0x000014c4                EEPROM_ReadByte
 .text.ADC_CalcGain
                0x000014ec       0x64 .\CortexM3\ARM_GCC_541\Debug\Domoticaconblink.a(ADC.o)
 .text.ADC_Enable
                0x00001550       0x94 .\CortexM3\ARM_GCC_541\Debug\Domoticaconblink.a(ADC.o)
                0x00001550                ADC_Enable
 .text.ADC_SetResolution
                0x000015e4       0x38 .\CortexM3\ARM_GCC_541\Debug\Domoticaconblink.a(ADC.o)
                0x000015e4                ADC_SetResolution
 .text.ADC_Init
                0x0000161c       0x3c .\CortexM3\ARM_GCC_541\Debug\Domoticaconblink.a(ADC.o)
                0x0000161c                ADC_Init
 .text.ADC_Start
                0x00001658       0x1c .\CortexM3\ARM_GCC_541\Debug\Domoticaconblink.a(ADC.o)
                0x00001658                ADC_Start
 .text.ADC_StartConvert
                0x00001674       0x18 .\CortexM3\ARM_GCC_541\Debug\Domoticaconblink.a(ADC.o)
                0x00001674                ADC_StartConvert
 .text.ADC_IsEndConversion
                0x0000168c       0x24 .\CortexM3\ARM_GCC_541\Debug\Domoticaconblink.a(ADC.o)
                0x0000168c                ADC_IsEndConversion
 .text.ADC_GetResult16
                0x000016b0       0x18 .\CortexM3\ARM_GCC_541\Debug\Domoticaconblink.a(ADC.o)
                0x000016b0                ADC_GetResult16
 .text.ADC_CountsTo_mVolts
                0x000016c8       0x58 .\CortexM3\ARM_GCC_541\Debug\Domoticaconblink.a(ADC.o)
                0x000016c8                ADC_CountsTo_mVolts
 .text.ADC_ISR  0x00001720        0x4 .\CortexM3\ARM_GCC_541\Debug\Domoticaconblink.a(ADC_INT.o)
                0x00001720                ADC_ISR
 .text.ADC_theACLK_SetModeRegister
                0x00001724       0x14 .\CortexM3\ARM_GCC_541\Debug\Domoticaconblink.a(ADC_theACLK.o)
                0x00001724                ADC_theACLK_SetModeRegister
 .text.PINMOV_ClearInterrupt
                0x00001738       0x10 .\CortexM3\ARM_GCC_541\Debug\Domoticaconblink.a(PINMOV.o)
                0x00001738                PINMOV_ClearInterrupt
 .text.ISR_MOV_SetVector
                0x00001748        0xc .\CortexM3\ARM_GCC_541\Debug\Domoticaconblink.a(ISR_MOV.o)
                0x00001748                ISR_MOV_SetVector
 .text.ISR_MOV_SetPriority
                0x00001754       0x10 .\CortexM3\ARM_GCC_541\Debug\Domoticaconblink.a(ISR_MOV.o)
                0x00001754                ISR_MOV_SetPriority
 .text.ISR_MOV_Enable
                0x00001764        0xc .\CortexM3\ARM_GCC_541\Debug\Domoticaconblink.a(ISR_MOV.o)
                0x00001764                ISR_MOV_Enable
 .text.ISR_MOV_Disable
                0x00001770        0xc .\CortexM3\ARM_GCC_541\Debug\Domoticaconblink.a(ISR_MOV.o)
                0x00001770                ISR_MOV_Disable
 .text.ISR_MOV_StartEx
                0x0000177c       0x1c .\CortexM3\ARM_GCC_541\Debug\Domoticaconblink.a(ISR_MOV.o)
                0x0000177c                ISR_MOV_StartEx
 .text          0x00001798       0x20 .\CortexM3\ARM_GCC_541\Debug\Domoticaconblink.a(CyBootAsmGnu.o)
                0x00001798                CyDelayCycles
                0x000017a8                CyEnterCriticalSection
                0x000017b0                CyExitCriticalSection
 .text.CySetTempInt
                0x000017b8       0x60 .\CortexM3\ARM_GCC_541\Debug\Domoticaconblink.a(CyFlash.o)
 .text.CyFlashGetSpcAlgorithm
                0x00001818       0x4c .\CortexM3\ARM_GCC_541\Debug\Domoticaconblink.a(CyFlash.o)
                0x00001818                CyFlashGetSpcAlgorithm
 .text.CySetTemp
                0x00001864       0x14 .\CortexM3\ARM_GCC_541\Debug\Domoticaconblink.a(CyFlash.o)
                0x00001864                CySetTemp
 .text.CyEEPROM_Start
                0x00001878       0x54 .\CortexM3\ARM_GCC_541\Debug\Domoticaconblink.a(CyFlash.o)
                0x00001878                CyEEPROM_Start
 .text.CyEEPROM_ReadReserve
                0x000018cc       0x1c .\CortexM3\ARM_GCC_541\Debug\Domoticaconblink.a(CyFlash.o)
                0x000018cc                CyEEPROM_ReadReserve
 .text.CyEEPROM_ReadRelease
                0x000018e8       0x10 .\CortexM3\ARM_GCC_541\Debug\Domoticaconblink.a(CyFlash.o)
                0x000018e8                CyEEPROM_ReadRelease
 .text.CySpcStart
                0x000018f8       0x24 .\CortexM3\ARM_GCC_541\Debug\Domoticaconblink.a(CySpc.o)
                0x000018f8                CySpcStart
 .text.CySpcReadData
                0x0000191c       0x34 .\CortexM3\ARM_GCC_541\Debug\Domoticaconblink.a(CySpc.o)
                0x0000191c                CySpcReadData
 .text.CySpcLoadMultiByte
                0x00001950       0x78 .\CortexM3\ARM_GCC_541\Debug\Domoticaconblink.a(CySpc.o)
                0x00001950                CySpcLoadMultiByte
 .text.CySpcWriteRow
                0x000019c8       0x4c .\CortexM3\ARM_GCC_541\Debug\Domoticaconblink.a(CySpc.o)
                0x000019c8                CySpcWriteRow
 .text.CySpcGetTemp
                0x00001a14       0x3c .\CortexM3\ARM_GCC_541\Debug\Domoticaconblink.a(CySpc.o)
                0x00001a14                CySpcGetTemp
 .text.CySpcLock
                0x00001a50       0x4c .\CortexM3\ARM_GCC_541\Debug\Domoticaconblink.a(CySpc.o)
                0x00001a50                CySpcLock
 .text.CySpcUnlock
                0x00001a9c       0x38 .\CortexM3\ARM_GCC_541\Debug\Domoticaconblink.a(CySpc.o)
                0x00001a9c                CySpcUnlock
 .text.CySpcGetAlgorithm
                0x00001ad4       0x28 .\CortexM3\ARM_GCC_541\Debug\Domoticaconblink.a(CySpc.o)
                0x00001ad4                CySpcGetAlgorithm
 .text.__errno  0x00001afc        0xc c:/program files (x86)/cypress/psoc creator/4.2/psoc creator/import/gnu/arm/5.4.1/bin/../lib/gcc/arm-none-eabi/5.4.1/../../../../arm-none-eabi/lib/armv7-m\libg_nano.a(lib_a-errno.o)
                0x00001afc                __errno
 .text.__libc_init_array
                0x00001b08       0x4c c:/program files (x86)/cypress/psoc creator/4.2/psoc creator/import/gnu/arm/5.4.1/bin/../lib/gcc/arm-none-eabi/5.4.1/../../../../arm-none-eabi/lib/armv7-m\libg_nano.a(lib_a-init.o)
                0x00001b08                __libc_init_array
 .text.memcpy   0x00001b54       0x16 c:/program files (x86)/cypress/psoc creator/4.2/psoc creator/import/gnu/arm/5.4.1/bin/../lib/gcc/arm-none-eabi/5.4.1/../../../../arm-none-eabi/lib/armv7-m\libg_nano.a(lib_a-memcpy-stub.o)
                0x00001b54                memcpy
 .text.memset   0x00001b6a       0x10 c:/program files (x86)/cypress/psoc creator/4.2/psoc creator/import/gnu/arm/5.4.1/bin/../lib/gcc/arm-none-eabi/5.4.1/../../../../arm-none-eabi/lib/armv7-m\libg_nano.a(lib_a-memset.o)
                0x00001b6a                memset
 *fill*         0x00001b7a        0x2 
 .text.sprintf  0x00001b7c       0x48 c:/program files (x86)/cypress/psoc creator/4.2/psoc creator/import/gnu/arm/5.4.1/bin/../lib/gcc/arm-none-eabi/5.4.1/../../../../arm-none-eabi/lib/armv7-m\libg_nano.a(lib_a-sprintf.o)
                0x00001b7c                siprintf
                0x00001b7c                sprintf
 .text.__ssputs_r
                0x00001bc4       0xb2 c:/program files (x86)/cypress/psoc creator/4.2/psoc creator/import/gnu/arm/5.4.1/bin/../lib/gcc/arm-none-eabi/5.4.1/../../../../arm-none-eabi/lib/armv7-m\libg_nano.a(lib_a-nano-svfprintf.o)
                0x00001bc4                __ssputs_r
 *fill*         0x00001c76        0x2 
 .text._svfprintf_r
                0x00001c78      0x1e8 c:/program files (x86)/cypress/psoc creator/4.2/psoc creator/import/gnu/arm/5.4.1/bin/../lib/gcc/arm-none-eabi/5.4.1/../../../../arm-none-eabi/lib/armv7-m\libg_nano.a(lib_a-nano-svfprintf.o)
                0x00001c78                _svfiprintf_r
                0x00001c78                _svfprintf_r
 .text._printf_common
                0x00001e60       0xec c:/program files (x86)/cypress/psoc creator/4.2/psoc creator/import/gnu/arm/5.4.1/bin/../lib/gcc/arm-none-eabi/5.4.1/../../../../arm-none-eabi/lib/armv7-m\libg_nano.a(lib_a-nano-vfprintf_i.o)
                0x00001e60                _printf_common
 .text._printf_i
                0x00001f4c      0x24c c:/program files (x86)/cypress/psoc creator/4.2/psoc creator/import/gnu/arm/5.4.1/bin/../lib/gcc/arm-none-eabi/5.4.1/../../../../arm-none-eabi/lib/armv7-m\libg_nano.a(lib_a-nano-vfprintf_i.o)
                0x00001f4c                _printf_i
 .text.memchr   0x00002198       0x1c c:/program files (x86)/cypress/psoc creator/4.2/psoc creator/import/gnu/arm/5.4.1/bin/../lib/gcc/arm-none-eabi/5.4.1/../../../../arm-none-eabi/lib/armv7-m\libg_nano.a(lib_a-memchr-stub.o)
                0x00002198                memchr
 .text.memmove  0x000021b4       0x36 c:/program files (x86)/cypress/psoc creator/4.2/psoc creator/import/gnu/arm/5.4.1/bin/../lib/gcc/arm-none-eabi/5.4.1/../../../../arm-none-eabi/lib/armv7-m\libg_nano.a(lib_a-memmove.o)
                0x000021b4                memmove
 *fill*         0x000021ea        0x2 
 .text._free_r  0x000021ec       0x98 c:/program files (x86)/cypress/psoc creator/4.2/psoc creator/import/gnu/arm/5.4.1/bin/../lib/gcc/arm-none-eabi/5.4.1/../../../../arm-none-eabi/lib/armv7-m\libg_nano.a(lib_a-nano-freer.o)
                0x000021ec                _free_r
 .text._malloc_r
                0x00002284       0xbc c:/program files (x86)/cypress/psoc creator/4.2/psoc creator/import/gnu/arm/5.4.1/bin/../lib/gcc/arm-none-eabi/5.4.1/../../../../arm-none-eabi/lib/armv7-m\libg_nano.a(lib_a-nano-mallocr.o)
                0x00002284                _malloc_r
 .text._realloc_r
                0x00002340       0x4c c:/program files (x86)/cypress/psoc creator/4.2/psoc creator/import/gnu/arm/5.4.1/bin/../lib/gcc/arm-none-eabi/5.4.1/../../../../arm-none-eabi/lib/armv7-m\libg_nano.a(lib_a-nano-reallocr.o)
                0x00002340                _realloc_r
 .text._sbrk_r  0x0000238c       0x20 c:/program files (x86)/cypress/psoc creator/4.2/psoc creator/import/gnu/arm/5.4.1/bin/../lib/gcc/arm-none-eabi/5.4.1/../../../../arm-none-eabi/lib/armv7-m\libg_nano.a(lib_a-sbrkr.o)
                0x0000238c                _sbrk_r
 .text.__malloc_lock
                0x000023ac        0x2 c:/program files (x86)/cypress/psoc creator/4.2/psoc creator/import/gnu/arm/5.4.1/bin/../lib/gcc/arm-none-eabi/5.4.1/../../../../arm-none-eabi/lib/armv7-m\libg_nano.a(lib_a-mlock.o)
                0x000023ac                __malloc_lock
 .text.__malloc_unlock
                0x000023ae        0x2 c:/program files (x86)/cypress/psoc creator/4.2/psoc creator/import/gnu/arm/5.4.1/bin/../lib/gcc/arm-none-eabi/5.4.1/../../../../arm-none-eabi/lib/armv7-m\libg_nano.a(lib_a-mlock.o)
                0x000023ae                __malloc_unlock
 .text._malloc_usable_size_r
                0x000023b0       0x14 c:/program files (x86)/cypress/psoc creator/4.2/psoc creator/import/gnu/arm/5.4.1/bin/../lib/gcc/arm-none-eabi/5.4.1/../../../../arm-none-eabi/lib/armv7-m\libg_nano.a(lib_a-nano-msizer.o)
                0x000023b0                _malloc_usable_size_r
 *(.plt)
 *(.gnu.warning)
 *(.glue_7t)
 .glue_7t       0x000023c4        0x0 linker stubs
 *(.glue_7)
 .glue_7        0x000023c4        0x0 linker stubs
 *(.vfp11_veneer)
 .vfp11_veneer  0x000023c4        0x0 linker stubs
 *(.bootloader)
 *(.ARM.extab* .gnu.linkonce.armextab.*)
 *(.gcc_except_table)

.v4_bx          0x000023c4        0x0
 .v4_bx         0x000023c4        0x0 linker stubs

.iplt           0x000023c4        0x0
 .iplt          0x000023c4        0x0 c:/program files (x86)/cypress/psoc creator/4.2/psoc creator/import/gnu/arm/5.4.1/bin/../lib/gcc/arm-none-eabi/5.4.1/armv7-m/crtbegin.o

.eh_frame_hdr
 *(.eh_frame_hdr)

.eh_frame       0x000023c4        0x4
 *(.eh_frame)
 .eh_frame      0x000023c4        0x0 c:/program files (x86)/cypress/psoc creator/4.2/psoc creator/import/gnu/arm/5.4.1/bin/../lib/gcc/arm-none-eabi/5.4.1/armv7-m/crtbegin.o
 .eh_frame      0x000023c4        0x4 c:/program files (x86)/cypress/psoc creator/4.2/psoc creator/import/gnu/arm/5.4.1/bin/../lib/gcc/arm-none-eabi/5.4.1/armv7-m/crtend.o
                [!provide]                PROVIDE (__exidx_start, .)

.ARM.exidx
 *(.ARM.exidx* .gnu.linkonce.armexidx.*)
                0x000023c8                __exidx_end = .

.rodata         0x000023c8       0xf8
 *(.rodata .rodata.* .gnu.linkonce.r.*)
 .rodata.str1.4
                0x000023c8       0x58 .\CortexM3\ARM_GCC_541\Debug\main.o
 .rodata        0x00002420       0x30 .\CortexM3\ARM_GCC_541\Debug\cyfitter_cfg.o
 .rodata.str1.1
                0x00002450        0x2 c:/program files (x86)/cypress/psoc creator/4.2/psoc creator/import/gnu/arm/5.4.1/bin/../lib/gcc/arm-none-eabi/5.4.1/../../../../arm-none-eabi/lib/armv7-m\libg_nano.a(lib_a-impure.o)
 .rodata.str1.1
                0x00002452       0x11 c:/program files (x86)/cypress/psoc creator/4.2/psoc creator/import/gnu/arm/5.4.1/bin/../lib/gcc/arm-none-eabi/5.4.1/../../../../arm-none-eabi/lib/armv7-m\libg_nano.a(lib_a-nano-svfprintf.o)
 .rodata.str1.1
                0x00002463       0x22 c:/program files (x86)/cypress/psoc creator/4.2/psoc creator/import/gnu/arm/5.4.1/bin/../lib/gcc/arm-none-eabi/5.4.1/../../../../arm-none-eabi/lib/armv7-m\libg_nano.a(lib_a-nano-vfprintf_i.o)
                0x00002488                . = ALIGN (0x4)
 *fill*         0x00002485        0x3 
 *(.init)
 .init          0x00002488        0x4 c:/program files (x86)/cypress/psoc creator/4.2/psoc creator/import/gnu/arm/5.4.1/bin/../lib/gcc/arm-none-eabi/5.4.1/armv7-m/crti.o
                0x00002488                _init
 .init          0x0000248c        0x8 c:/program files (x86)/cypress/psoc creator/4.2/psoc creator/import/gnu/arm/5.4.1/bin/../lib/gcc/arm-none-eabi/5.4.1/armv7-m/crtn.o
                0x00002494                . = ALIGN (0x4)
                0x00002494                __preinit_array_start = .
 *(.preinit_array)
                0x00002494                __preinit_array_end = .
                0x00002494                . = ALIGN (0x4)
                0x00002494                __init_array_start = .
 *(SORT(.init_array.*))
 *(.init_array)
 .init_array    0x00002494        0x4 c:/program files (x86)/cypress/psoc creator/4.2/psoc creator/import/gnu/arm/5.4.1/bin/../lib/gcc/arm-none-eabi/5.4.1/armv7-m/crtbegin.o
 .init_array    0x00002498        0x4 .\CortexM3\ARM_GCC_541\Debug\Cm3Start.o
                0x0000249c                __init_array_end = .
                0x0000249c                . = ALIGN (0x4)
 *(.fini)
 .fini          0x0000249c        0x4 c:/program files (x86)/cypress/psoc creator/4.2/psoc creator/import/gnu/arm/5.4.1/bin/../lib/gcc/arm-none-eabi/5.4.1/armv7-m/crti.o
                0x0000249c                _fini
 .fini          0x000024a0        0x8 c:/program files (x86)/cypress/psoc creator/4.2/psoc creator/import/gnu/arm/5.4.1/bin/../lib/gcc/arm-none-eabi/5.4.1/armv7-m/crtn.o
                0x000024a8                . = ALIGN (0x4)
                0x000024a8                __fini_array_start = .
 *(.fini_array)
 .fini_array    0x000024a8        0x4 c:/program files (x86)/cypress/psoc creator/4.2/psoc creator/import/gnu/arm/5.4.1/bin/../lib/gcc/arm-none-eabi/5.4.1/armv7-m/crtbegin.o
 *(SORT(.fini_array.*))
                0x000024ac                __fini_array_end = .
                0x000024ac                . = ALIGN (0x4)
 *crtbegin.o(.ctors)
 *(EXCLUDE_FILE(*crtend.o) .ctors)
 *(SORT(.ctors.*))
 *crtend.o(.ctors)
                0x000024ac                . = ALIGN (0x4)
 *crtbegin.o(.dtors)
 *(EXCLUDE_FILE(*crtend.o) .dtors)
 *(SORT(.dtors.*))
 *crtend.o(.dtors)
                0x000024ac                . = ALIGN (0x4)
                0x000024ac                __cy_regions = .
                0x000024ac        0x4 LONG 0x24c0 __cy_region_init_ram
                0x000024b0        0x4 LONG 0x1fff80c8 __cy_region_start_data
                0x000024b4        0x4 LONG 0x80 __cy_region_init_size_ram
                0x000024b8        0x4 LONG 0x80 __cy_region_zero_size_ram
                0x000024bc                __cy_regions_end = .
                0x000024c0                . = ALIGN (0x8)
 *fill*         0x000024bc        0x4 
                0x000024c0                _etext = .

.cy_checksum_exclude
                0x000024c0        0x0
 *(.cy_checksum_exclude)

.ramvectors     0x1fff8000       0xc0
                0x1fff8000                __cy_region_start_ram = .
 *(.ramvectors)
 .ramvectors    0x1fff8000       0xc0 .\CortexM3\ARM_GCC_541\Debug\Cm3Start.o
                0x1fff8000                CyRamVectors

.noinit         0x1fff80c0        0x1
 *(.noinit)
 .noinit        0x1fff80c0        0x1 .\CortexM3\ARM_GCC_541\Debug\Domoticaconblink.a(CyLib.o)
                0x1fff80c0                CyResetStatus

.data           0x1fff80c8       0x80 load address 0x000024c0
                0x1fff80c8                __cy_region_start_data = .
 *(.jcr)
 .jcr           0x1fff80c8        0x0 c:/program files (x86)/cypress/psoc creator/4.2/psoc creator/import/gnu/arm/5.4.1/bin/../lib/gcc/arm-none-eabi/5.4.1/armv7-m/crtbegin.o
 .jcr           0x1fff80c8        0x4 c:/program files (x86)/cypress/psoc creator/4.2/psoc creator/import/gnu/arm/5.4.1/bin/../lib/gcc/arm-none-eabi/5.4.1/armv7-m/crtend.o
 *(.got.plt)
 *(.got)
 *(.shdata)
 *(.data .data.* .gnu.linkonce.d.*)
 .data          0x1fff80cc        0x4 .\CortexM3\ARM_GCC_541\Debug\Cm3Start.o
 .data          0x1fff80d0       0x10 .\CortexM3\ARM_GCC_541\Debug\Domoticaconblink.a(CyLib.o)
                0x1fff80d0                cydelay_32k_ms
                0x1fff80d4                cydelay_freq_khz
                0x1fff80d8                cydelay_freq_mhz
                0x1fff80dc                cydelay_freq_hz
 .data.impure_data
                0x1fff80e0       0x60 c:/program files (x86)/cypress/psoc creator/4.2/psoc creator/import/gnu/arm/5.4.1/bin/../lib/gcc/arm-none-eabi/5.4.1/../../../../arm-none-eabi/lib/armv7-m\libg_nano.a(lib_a-impure.o)
 .data._impure_ptr
                0x1fff8140        0x4 c:/program files (x86)/cypress/psoc creator/4.2/psoc creator/import/gnu/arm/5.4.1/bin/../lib/gcc/arm-none-eabi/5.4.1/../../../../arm-none-eabi/lib/armv7-m\libg_nano.a(lib_a-impure.o)
                0x1fff8140                _impure_ptr
                0x1fff8148                . = ALIGN (0x8)
 *fill*         0x1fff8144        0x4 
 *(.ram)
                0x1fff8148                _edata = .

.igot.plt       0x1fff8148        0x0 load address 0x00002540
 .igot.plt      0x1fff8148        0x0 c:/program files (x86)/cypress/psoc creator/4.2/psoc creator/import/gnu/arm/5.4.1/bin/../lib/gcc/arm-none-eabi/5.4.1/armv7-m/crtbegin.o

.bss            0x1fff8148       0x80 load address 0x00002540
                0x1fff8148                PROVIDE (__bss_start__, .)
 *(.shbss)
 *(.bss .bss.* .gnu.linkonce.b.*)
 .bss           0x1fff8148       0x1c c:/program files (x86)/cypress/psoc creator/4.2/psoc creator/import/gnu/arm/5.4.1/bin/../lib/gcc/arm-none-eabi/5.4.1/armv7-m/crtbegin.o
 .bss           0x1fff8164        0xc .\CortexM3\ARM_GCC_541\Debug\main.o
                0x1fff8164                bandera
                0x1fff8165                banderaS
                0x1fff8166                banderaH
                0x1fff8167                banderaI
                0x1fff8168                banderaF
                0x1fff8169                banderaM
                0x1fff816a                cont
                0x1fff816c                aux
 .bss           0x1fff8170        0x2 .\CortexM3\ARM_GCC_541\Debug\Domoticaconblink.a(UART.o)
                0x1fff8170                UART_initVar
 .bss           0x1fff8172        0x2 .\CortexM3\ARM_GCC_541\Debug\Domoticaconblink.a(LCD.o)
                0x1fff8172                LCD_enableState
                0x1fff8173                LCD_initVar
 .bss           0x1fff8174        0x1 .\CortexM3\ARM_GCC_541\Debug\Domoticaconblink.a(I2C.o)
                0x1fff8174                I2C_initVar
 .bss           0x1fff8175        0x1 .\CortexM3\ARM_GCC_541\Debug\Domoticaconblink.a(PWM.o)
                0x1fff8175                PWM_initVar
 .bss           0x1fff8176        0x1 .\CortexM3\ARM_GCC_541\Debug\Domoticaconblink.a(ADC.o)
                0x1fff8176                ADC_initVar
 *fill*         0x1fff8177        0x1 
 .bss           0x1fff8178        0x8 .\CortexM3\ARM_GCC_541\Debug\Domoticaconblink.a(CySpc.o)
                0x1fff8178                SpcLockState
 .bss.__malloc_sbrk_start
                0x1fff8180        0x4 c:/program files (x86)/cypress/psoc creator/4.2/psoc creator/import/gnu/arm/5.4.1/bin/../lib/gcc/arm-none-eabi/5.4.1/../../../../arm-none-eabi/lib/armv7-m\libg_nano.a(lib_a-nano-mallocr.o)
                0x1fff8180                __malloc_sbrk_start
 .bss.__malloc_free_list
                0x1fff8184        0x4 c:/program files (x86)/cypress/psoc creator/4.2/psoc creator/import/gnu/arm/5.4.1/bin/../lib/gcc/arm-none-eabi/5.4.1/../../../../arm-none-eabi/lib/armv7-m\libg_nano.a(lib_a-nano-mallocr.o)
                0x1fff8184                __malloc_free_list
 *(COMMON)
 COMMON         0x1fff8188       0x18 .\CortexM3\ARM_GCC_541\Debug\main.o
                0x1fff8188                ds
                0x1fff8190                wHoraFin
                0x1fff8198                wHoraInicio
 COMMON         0x1fff81a0        0x1 .\CortexM3\ARM_GCC_541\Debug\Domoticaconblink.a(I2C.o)
                0x1fff81a0                I2C_state
 *fill*         0x1fff81a1        0x3 
 COMMON         0x1fff81a4       0x10 .\CortexM3\ARM_GCC_541\Debug\Domoticaconblink.a(I2C_MASTER.o)
                0x1fff81a4                I2C_mstrWrBufIndex
                0x1fff81a5                I2C_mstrWrBufSize
                0x1fff81a6                I2C_mstrStatus
                0x1fff81a8                I2C_mstrRdBufPtr
                0x1fff81ac                I2C_mstrControl
                0x1fff81ad                I2C_mstrRdBufSize
                0x1fff81ae                I2C_mstrRdBufIndex
                0x1fff81b0                I2C_mstrWrBufPtr
 COMMON         0x1fff81b4        0xa .\CortexM3\ARM_GCC_541\Debug\Domoticaconblink.a(ADC.o)
                0x1fff81b4                ADC_countsPer10Volt
                0x1fff81b8                ADC_shift
                0x1fff81ba                ADC_countsPerVolt
                0x1fff81bc                ADC_offset
 *fill*         0x1fff81be        0x2 
 COMMON         0x1fff81c0        0x2 .\CortexM3\ARM_GCC_541\Debug\Domoticaconblink.a(CyFlash.o)
                0x1fff81c0                dieTemperature
 *fill*         0x1fff81c2        0x2 
 COMMON         0x1fff81c4        0x4 c:/program files (x86)/cypress/psoc creator/4.2/psoc creator/import/gnu/arm/5.4.1/bin/../lib/gcc/arm-none-eabi/5.4.1/../../../../arm-none-eabi/lib/armv7-m\libg_nano.a(lib_a-reent.o)
                0x1fff81c4                errno
                0x1fff81c8                . = ALIGN (0x8)
 *(.ram.b)
                0x1fff81c8                _end = .
                0x1fff81c8                __end = .
                0x1fff81c8                PROVIDE (end, .)
                0x1fff81c8                PROVIDE (__bss_end__, .)
                0x000024c0                __cy_region_init_ram = LOADADDR (.data)
                0x00000080                __cy_region_init_size_ram = (_edata - ADDR (.data))
                0x00000080                __cy_region_zero_size_ram = (_end - _edata)

.heap           0x1fff81c8       0x80 load address 0x00002540
                0x1fff81c8                . = _end
                0x1fff8248                . = (. + 0x80)
 *fill*         0x1fff81c8       0x80 
                0x1fff8248                __cy_heap_limit = .

.stack          0x20007800      0x800
                0x20007800                __cy_stack_limit = .
                0x20008000                . = (. + 0x800)
 *fill*         0x20007800      0x800 
                0x00000001                ASSERT ((__cy_stack_limit >= __cy_heap_limit), region RAM overflowed with stack)
                0x00000000                cy_checksum_exclude_size = (CY_APPL_LOADABLE == 0x1)?SIZEOF (.cy_checksum_exclude):0x0
                0x00000001                ASSERT ((cy_checksum_exclude_size <= CY_CHECKSUM_EXCLUDE_SIZE), CY_BOOT: Section .cy_checksum_exclude size exceedes specified limit.)

.cyloadermeta
 *(.cyloadermeta)

.cyloadablemeta
 *(.cyloadablemeta)

.cyconfigecc    0x80000000      0x4b0
 *(.cyconfigecc)
 .cyconfigecc   0x80000000      0x4b0 .\CortexM3\ARM_GCC_541\Debug\cymetadata.o
                0x80000000                cy_meta_configecc

.cycustnvl      0x90000000        0x4
 *(.cycustnvl)
 .cycustnvl     0x90000000        0x4 .\CortexM3\ARM_GCC_541\Debug\cymetadata.o
                0x90000000                cy_meta_custnvl

.cywolatch      0x90100000        0x4
 *(.cywolatch)
 .cywolatch     0x90100000        0x4 .\CortexM3\ARM_GCC_541\Debug\cymetadata.o
                0x90100000                cy_meta_wonvl

.cyeeprom       0x90200000        0x0
 *(.cyeeprom)
                0x00000001                ASSERT ((. <= ((0x90200000 + ee_offset) + ee_size)), .cyeeprom data will not fit in EEPROM)

.cyflashprotect
                0x90400000      0x100
 *(.cyflashprotect)
 .cyflashprotect
                0x90400000      0x100 .\CortexM3\ARM_GCC_541\Debug\cymetadata.o
                0x90400000                cy_meta_flashprotect

.cymeta         0x90500000        0xc
 *(.cymeta)
 .cymeta        0x90500000        0xc .\CortexM3\ARM_GCC_541\Debug\cymetadata.o
                0x90500000                cy_metadata

.rel.dyn        0x00002540        0x0 load address 0x9050000c
 .rel.iplt      0x00002540        0x0 c:/program files (x86)/cypress/psoc creator/4.2/psoc creator/import/gnu/arm/5.4.1/bin/../lib/gcc/arm-none-eabi/5.4.1/armv7-m/crtbegin.o

.stab
 *(.stab)

.stabstr
 *(.stabstr)

.debug
 *(.debug)

.line
 *(.line)

.debug_srcinfo
 *(.debug_srcinfo)

.debug_sfnames
 *(.debug_sfnames)

.debug_aranges  0x00000000      0xd10
 *(.debug_aranges)
 .debug_aranges
                0x00000000       0x60 .\CortexM3\ARM_GCC_541\Debug\main.o
 .debug_aranges
                0x00000060       0x58 .\CortexM3\ARM_GCC_541\Debug\cyfitter_cfg.o
 .debug_aranges
                0x000000b8       0x18 .\CortexM3\ARM_GCC_541\Debug\cymetadata.o
 .debug_aranges
                0x000000d0       0x48 .\CortexM3\ARM_GCC_541\Debug\Cm3Start.o
 .debug_aranges
                0x00000118       0xf0 .\CortexM3\ARM_GCC_541\Debug\Domoticaconblink.a(UART.o)
 .debug_aranges
                0x00000208       0x98 .\CortexM3\ARM_GCC_541\Debug\Domoticaconblink.a(LCD.o)
 .debug_aranges
                0x000002a0       0x80 .\CortexM3\ARM_GCC_541\Debug\Domoticaconblink.a(IRQRX.o)
 .debug_aranges
                0x00000320       0x38 .\CortexM3\ARM_GCC_541\Debug\Domoticaconblink.a(I2C.o)
 .debug_aranges
                0x00000358       0x20 .\CortexM3\ARM_GCC_541\Debug\Domoticaconblink.a(I2C_INT.o)
 .debug_aranges
                0x00000378       0x38 .\CortexM3\ARM_GCC_541\Debug\Domoticaconblink.a(I2C_PM.o)
 .debug_aranges
                0x000003b0       0x80 .\CortexM3\ARM_GCC_541\Debug\Domoticaconblink.a(I2C_MASTER.o)
 .debug_aranges
                0x00000430       0x70 .\CortexM3\ARM_GCC_541\Debug\Domoticaconblink.a(UART_IntClock.o)
 .debug_aranges
                0x000004a0      0x2a0 .\CortexM3\ARM_GCC_541\Debug\Domoticaconblink.a(CyLib.o)
 .debug_aranges
                0x00000740       0x98 .\CortexM3\ARM_GCC_541\Debug\Domoticaconblink.a(cyPm.o)
 .debug_aranges
                0x000007d8       0xa8 .\CortexM3\ARM_GCC_541\Debug\Domoticaconblink.a(PWM.o)
 .debug_aranges
                0x00000880       0x38 .\CortexM3\ARM_GCC_541\Debug\Domoticaconblink.a(PINA.o)
 .debug_aranges
                0x000008b8       0x38 .\CortexM3\ARM_GCC_541\Debug\Domoticaconblink.a(PINB.o)
 .debug_aranges
                0x000008f0       0x38 .\CortexM3\ARM_GCC_541\Debug\Domoticaconblink.a(PINC.o)
 .debug_aranges
                0x00000928       0x38 .\CortexM3\ARM_GCC_541\Debug\Domoticaconblink.a(PIND.o)
 .debug_aranges
                0x00000960       0x78 .\CortexM3\ARM_GCC_541\Debug\Domoticaconblink.a(EEPROM.o)
 .debug_aranges
                0x000009d8       0xa8 .\CortexM3\ARM_GCC_541\Debug\Domoticaconblink.a(ADC.o)
 .debug_aranges
                0x00000a80       0x20 .\CortexM3\ARM_GCC_541\Debug\Domoticaconblink.a(ADC_INT.o)
 .debug_aranges
                0x00000aa0       0x80 .\CortexM3\ARM_GCC_541\Debug\Domoticaconblink.a(ADC_theACLK.o)
 .debug_aranges
                0x00000b20       0x48 .\CortexM3\ARM_GCC_541\Debug\Domoticaconblink.a(PINMOV.o)
 .debug_aranges
                0x00000b68       0x80 .\CortexM3\ARM_GCC_541\Debug\Domoticaconblink.a(ISR_MOV.o)
 .debug_aranges
                0x00000be8       0x20 .\CortexM3\ARM_GCC_541\Debug\Domoticaconblink.a(CyBootAsmGnu.o)
 .debug_aranges
                0x00000c08       0x88 .\CortexM3\ARM_GCC_541\Debug\Domoticaconblink.a(CyFlash.o)
 .debug_aranges
                0x00000c90       0x80 .\CortexM3\ARM_GCC_541\Debug\Domoticaconblink.a(CySpc.o)

.debug_pubnames
 *(.debug_pubnames)

.debug_info     0x00000000     0x77f0
 *(.debug_info .gnu.linkonce.wi.*)
 .debug_info    0x00000000      0xb80 .\CortexM3\ARM_GCC_541\Debug\main.o
 .debug_info    0x00000b80      0x572 .\CortexM3\ARM_GCC_541\Debug\cyfitter_cfg.o
 .debug_info    0x000010f2      0x136 .\CortexM3\ARM_GCC_541\Debug\cymetadata.o
 .debug_info    0x00001228      0x3bb .\CortexM3\ARM_GCC_541\Debug\Cm3Start.o
 .debug_info    0x000015e3      0x60c .\CortexM3\ARM_GCC_541\Debug\Domoticaconblink.a(UART.o)
 .debug_info    0x00001bef      0x715 .\CortexM3\ARM_GCC_541\Debug\Domoticaconblink.a(LCD.o)
 .debug_info    0x00002304      0x2d2 .\CortexM3\ARM_GCC_541\Debug\Domoticaconblink.a(IRQRX.o)
 .debug_info    0x000025d6      0x2ad .\CortexM3\ARM_GCC_541\Debug\Domoticaconblink.a(I2C.o)
 .debug_info    0x00002883      0x184 .\CortexM3\ARM_GCC_541\Debug\Domoticaconblink.a(I2C_INT.o)
 .debug_info    0x00002a07      0x207 .\CortexM3\ARM_GCC_541\Debug\Domoticaconblink.a(I2C_PM.o)
 .debug_info    0x00002c0e      0x407 .\CortexM3\ARM_GCC_541\Debug\Domoticaconblink.a(I2C_MASTER.o)
 .debug_info    0x00003015      0x283 .\CortexM3\ARM_GCC_541\Debug\Domoticaconblink.a(UART_IntClock.o)
 .debug_info    0x00003298     0x1374 .\CortexM3\ARM_GCC_541\Debug\Domoticaconblink.a(CyLib.o)
 .debug_info    0x0000460c      0xa2a .\CortexM3\ARM_GCC_541\Debug\Domoticaconblink.a(cyPm.o)
 .debug_info    0x00005036      0x381 .\CortexM3\ARM_GCC_541\Debug\Domoticaconblink.a(PWM.o)
 .debug_info    0x000053b7      0x11f .\CortexM3\ARM_GCC_541\Debug\Domoticaconblink.a(PINA.o)
 .debug_info    0x000054d6      0x11f .\CortexM3\ARM_GCC_541\Debug\Domoticaconblink.a(PINB.o)
 .debug_info    0x000055f5      0x11f .\CortexM3\ARM_GCC_541\Debug\Domoticaconblink.a(PINC.o)
 .debug_info    0x00005714      0x11f .\CortexM3\ARM_GCC_541\Debug\Domoticaconblink.a(PIND.o)
 .debug_info    0x00005833      0x630 .\CortexM3\ARM_GCC_541\Debug\Domoticaconblink.a(EEPROM.o)
 .debug_info    0x00005e63      0x5c0 .\CortexM3\ARM_GCC_541\Debug\Domoticaconblink.a(ADC.o)
 .debug_info    0x00006423       0x92 .\CortexM3\ARM_GCC_541\Debug\Domoticaconblink.a(ADC_INT.o)
 .debug_info    0x000064b5      0x2c4 .\CortexM3\ARM_GCC_541\Debug\Domoticaconblink.a(ADC_theACLK.o)
 .debug_info    0x00006779      0x172 .\CortexM3\ARM_GCC_541\Debug\Domoticaconblink.a(PINMOV.o)
 .debug_info    0x000068eb      0x2d2 .\CortexM3\ARM_GCC_541\Debug\Domoticaconblink.a(ISR_MOV.o)
 .debug_info    0x00006bbd       0x96 .\CortexM3\ARM_GCC_541\Debug\Domoticaconblink.a(CyBootAsmGnu.o)
 .debug_info    0x00006c53      0x64d .\CortexM3\ARM_GCC_541\Debug\Domoticaconblink.a(CyFlash.o)
 .debug_info    0x000072a0      0x550 .\CortexM3\ARM_GCC_541\Debug\Domoticaconblink.a(CySpc.o)

.debug_abbrev   0x00000000     0x20a4
 *(.debug_abbrev)
 .debug_abbrev  0x00000000      0x1a5 .\CortexM3\ARM_GCC_541\Debug\main.o
 .debug_abbrev  0x000001a5      0x1fe .\CortexM3\ARM_GCC_541\Debug\cyfitter_cfg.o
 .debug_abbrev  0x000003a3       0x77 .\CortexM3\ARM_GCC_541\Debug\cymetadata.o
 .debug_abbrev  0x0000041a      0x1e8 .\CortexM3\ARM_GCC_541\Debug\Cm3Start.o
 .debug_abbrev  0x00000602      0x175 .\CortexM3\ARM_GCC_541\Debug\Domoticaconblink.a(UART.o)
 .debug_abbrev  0x00000777      0x157 .\CortexM3\ARM_GCC_541\Debug\Domoticaconblink.a(LCD.o)
 .debug_abbrev  0x000008ce      0x173 .\CortexM3\ARM_GCC_541\Debug\Domoticaconblink.a(IRQRX.o)
 .debug_abbrev  0x00000a41      0x10a .\CortexM3\ARM_GCC_541\Debug\Domoticaconblink.a(I2C.o)
 .debug_abbrev  0x00000b4b       0xb6 .\CortexM3\ARM_GCC_541\Debug\Domoticaconblink.a(I2C_INT.o)
 .debug_abbrev  0x00000c01       0xfe .\CortexM3\ARM_GCC_541\Debug\Domoticaconblink.a(I2C_PM.o)
 .debug_abbrev  0x00000cff      0x13c .\CortexM3\ARM_GCC_541\Debug\Domoticaconblink.a(I2C_MASTER.o)
 .debug_abbrev  0x00000e3b      0x139 .\CortexM3\ARM_GCC_541\Debug\Domoticaconblink.a(UART_IntClock.o)
 .debug_abbrev  0x00000f74      0x254 .\CortexM3\ARM_GCC_541\Debug\Domoticaconblink.a(CyLib.o)
 .debug_abbrev  0x000011c8      0x1ab .\CortexM3\ARM_GCC_541\Debug\Domoticaconblink.a(cyPm.o)
 .debug_abbrev  0x00001373      0x133 .\CortexM3\ARM_GCC_541\Debug\Domoticaconblink.a(PWM.o)
 .debug_abbrev  0x000014a6       0x90 .\CortexM3\ARM_GCC_541\Debug\Domoticaconblink.a(PINA.o)
 .debug_abbrev  0x00001536       0x90 .\CortexM3\ARM_GCC_541\Debug\Domoticaconblink.a(PINB.o)
 .debug_abbrev  0x000015c6       0x90 .\CortexM3\ARM_GCC_541\Debug\Domoticaconblink.a(PINC.o)
 .debug_abbrev  0x00001656       0x90 .\CortexM3\ARM_GCC_541\Debug\Domoticaconblink.a(PIND.o)
 .debug_abbrev  0x000016e6      0x14e .\CortexM3\ARM_GCC_541\Debug\Domoticaconblink.a(EEPROM.o)
 .debug_abbrev  0x00001834      0x1ac .\CortexM3\ARM_GCC_541\Debug\Domoticaconblink.a(ADC.o)
 .debug_abbrev  0x000019e0       0x42 .\CortexM3\ARM_GCC_541\Debug\Domoticaconblink.a(ADC_INT.o)
 .debug_abbrev  0x00001a22      0x121 .\CortexM3\ARM_GCC_541\Debug\Domoticaconblink.a(ADC_theACLK.o)
 .debug_abbrev  0x00001b43       0x9f .\CortexM3\ARM_GCC_541\Debug\Domoticaconblink.a(PINMOV.o)
 .debug_abbrev  0x00001be2      0x173 .\CortexM3\ARM_GCC_541\Debug\Domoticaconblink.a(ISR_MOV.o)
 .debug_abbrev  0x00001d55       0x14 .\CortexM3\ARM_GCC_541\Debug\Domoticaconblink.a(CyBootAsmGnu.o)
 .debug_abbrev  0x00001d69      0x1a7 .\CortexM3\ARM_GCC_541\Debug\Domoticaconblink.a(CyFlash.o)
 .debug_abbrev  0x00001f10      0x194 .\CortexM3\ARM_GCC_541\Debug\Domoticaconblink.a(CySpc.o)

.debug_line     0x00000000     0x31b1
 *(.debug_line)
 .debug_line    0x00000000      0x3cb .\CortexM3\ARM_GCC_541\Debug\main.o
 .debug_line    0x000003cb      0x1ec .\CortexM3\ARM_GCC_541\Debug\cyfitter_cfg.o
 .debug_line    0x000005b7      0x141 .\CortexM3\ARM_GCC_541\Debug\cymetadata.o
 .debug_line    0x000006f8      0x234 .\CortexM3\ARM_GCC_541\Debug\Cm3Start.o
 .debug_line    0x0000092c      0x2bc .\CortexM3\ARM_GCC_541\Debug\Domoticaconblink.a(UART.o)
 .debug_line    0x00000be8      0x1dc .\CortexM3\ARM_GCC_541\Debug\Domoticaconblink.a(LCD.o)
 .debug_line    0x00000dc4      0x132 .\CortexM3\ARM_GCC_541\Debug\Domoticaconblink.a(IRQRX.o)
 .debug_line    0x00000ef6       0xd9 .\CortexM3\ARM_GCC_541\Debug\Domoticaconblink.a(I2C.o)
 .debug_line    0x00000fcf      0x114 .\CortexM3\ARM_GCC_541\Debug\Domoticaconblink.a(I2C_INT.o)
 .debug_line    0x000010e3       0xbb .\CortexM3\ARM_GCC_541\Debug\Domoticaconblink.a(I2C_PM.o)
 .debug_line    0x0000119e      0x1fd .\CortexM3\ARM_GCC_541\Debug\Domoticaconblink.a(I2C_MASTER.o)
 .debug_line    0x0000139b      0x17c .\CortexM3\ARM_GCC_541\Debug\Domoticaconblink.a(UART_IntClock.o)
 .debug_line    0x00001517      0x816 .\CortexM3\ARM_GCC_541\Debug\Domoticaconblink.a(CyLib.o)
 .debug_line    0x00001d2d      0x367 .\CortexM3\ARM_GCC_541\Debug\Domoticaconblink.a(cyPm.o)
 .debug_line    0x00002094      0x1a7 .\CortexM3\ARM_GCC_541\Debug\Domoticaconblink.a(PWM.o)
 .debug_line    0x0000223b       0x91 .\CortexM3\ARM_GCC_541\Debug\Domoticaconblink.a(PINA.o)
 .debug_line    0x000022cc       0x91 .\CortexM3\ARM_GCC_541\Debug\Domoticaconblink.a(PINB.o)
 .debug_line    0x0000235d       0x91 .\CortexM3\ARM_GCC_541\Debug\Domoticaconblink.a(PINC.o)
 .debug_line    0x000023ee       0x91 .\CortexM3\ARM_GCC_541\Debug\Domoticaconblink.a(PIND.o)
 .debug_line    0x0000247f      0x264 .\CortexM3\ARM_GCC_541\Debug\Domoticaconblink.a(EEPROM.o)
 .debug_line    0x000026e3      0x216 .\CortexM3\ARM_GCC_541\Debug\Domoticaconblink.a(ADC.o)
 .debug_line    0x000028f9       0x50 .\CortexM3\ARM_GCC_541\Debug\Domoticaconblink.a(ADC_INT.o)
 .debug_line    0x00002949      0x19d .\CortexM3\ARM_GCC_541\Debug\Domoticaconblink.a(ADC_theACLK.o)
 .debug_line    0x00002ae6       0xb7 .\CortexM3\ARM_GCC_541\Debug\Domoticaconblink.a(PINMOV.o)
 .debug_line    0x00002b9d      0x134 .\CortexM3\ARM_GCC_541\Debug\Domoticaconblink.a(ISR_MOV.o)
 .debug_line    0x00002cd1       0x66 .\CortexM3\ARM_GCC_541\Debug\Domoticaconblink.a(CyBootAsmGnu.o)
 .debug_line    0x00002d37      0x21a .\CortexM3\ARM_GCC_541\Debug\Domoticaconblink.a(CyFlash.o)
 .debug_line    0x00002f51      0x260 .\CortexM3\ARM_GCC_541\Debug\Domoticaconblink.a(CySpc.o)

.debug_frame    0x00000000     0x2450
 *(.debug_frame)
 .debug_frame   0x00000000      0x118 .\CortexM3\ARM_GCC_541\Debug\main.o
 .debug_frame   0x00000118       0xfc .\CortexM3\ARM_GCC_541\Debug\cyfitter_cfg.o
 .debug_frame   0x00000214       0xb8 .\CortexM3\ARM_GCC_541\Debug\Cm3Start.o
 .debug_frame   0x000002cc      0x250 .\CortexM3\ARM_GCC_541\Debug\Domoticaconblink.a(UART.o)
 .debug_frame   0x0000051c      0x1e8 .\CortexM3\ARM_GCC_541\Debug\Domoticaconblink.a(LCD.o)
 .debug_frame   0x00000704      0x104 .\CortexM3\ARM_GCC_541\Debug\Domoticaconblink.a(IRQRX.o)
 .debug_frame   0x00000808       0x94 .\CortexM3\ARM_GCC_541\Debug\Domoticaconblink.a(I2C.o)
 .debug_frame   0x0000089c       0x30 .\CortexM3\ARM_GCC_541\Debug\Domoticaconblink.a(I2C_INT.o)
 .debug_frame   0x000008cc       0x74 .\CortexM3\ARM_GCC_541\Debug\Domoticaconblink.a(I2C_PM.o)
 .debug_frame   0x00000940      0x138 .\CortexM3\ARM_GCC_541\Debug\Domoticaconblink.a(I2C_MASTER.o)
 .debug_frame   0x00000a78       0xe0 .\CortexM3\ARM_GCC_541\Debug\Domoticaconblink.a(UART_IntClock.o)
 .debug_frame   0x00000b58      0x738 .\CortexM3\ARM_GCC_541\Debug\Domoticaconblink.a(CyLib.o)
 .debug_frame   0x00001290      0x1f8 .\CortexM3\ARM_GCC_541\Debug\Domoticaconblink.a(cyPm.o)
 .debug_frame   0x00001488      0x154 .\CortexM3\ARM_GCC_541\Debug\Domoticaconblink.a(PWM.o)
 .debug_frame   0x000015dc       0x50 .\CortexM3\ARM_GCC_541\Debug\Domoticaconblink.a(PINA.o)
 .debug_frame   0x0000162c       0x50 .\CortexM3\ARM_GCC_541\Debug\Domoticaconblink.a(PINB.o)
 .debug_frame   0x0000167c       0x50 .\CortexM3\ARM_GCC_541\Debug\Domoticaconblink.a(PINC.o)
 .debug_frame   0x000016cc       0x50 .\CortexM3\ARM_GCC_541\Debug\Domoticaconblink.a(PIND.o)
 .debug_frame   0x0000171c      0x17c .\CortexM3\ARM_GCC_541\Debug\Domoticaconblink.a(EEPROM.o)
 .debug_frame   0x00001898      0x1b0 .\CortexM3\ARM_GCC_541\Debug\Domoticaconblink.a(ADC.o)
 .debug_frame   0x00001a48       0x20 .\CortexM3\ARM_GCC_541\Debug\Domoticaconblink.a(ADC_INT.o)
 .debug_frame   0x00001a68      0x100 .\CortexM3\ARM_GCC_541\Debug\Domoticaconblink.a(ADC_theACLK.o)
 .debug_frame   0x00001b68       0x70 .\CortexM3\ARM_GCC_541\Debug\Domoticaconblink.a(PINMOV.o)
 .debug_frame   0x00001bd8      0x104 .\CortexM3\ARM_GCC_541\Debug\Domoticaconblink.a(ISR_MOV.o)
 .debug_frame   0x00001cdc      0x194 .\CortexM3\ARM_GCC_541\Debug\Domoticaconblink.a(CyFlash.o)
 .debug_frame   0x00001e70      0x180 .\CortexM3\ARM_GCC_541\Debug\Domoticaconblink.a(CySpc.o)
 .debug_frame   0x00001ff0       0x44 c:/program files (x86)/cypress/psoc creator/4.2/psoc creator/import/gnu/arm/5.4.1/bin/../lib/gcc/arm-none-eabi/5.4.1/armv7-m\libgcc.a(_aeabi_ldivmod.o)
 .debug_frame   0x00002034       0x38 c:/program files (x86)/cypress/psoc creator/4.2/psoc creator/import/gnu/arm/5.4.1/bin/../lib/gcc/arm-none-eabi/5.4.1/armv7-m\libgcc.a(_udivmoddi4.o)
 .debug_frame   0x0000206c       0x20 c:/program files (x86)/cypress/psoc creator/4.2/psoc creator/import/gnu/arm/5.4.1/bin/../lib/gcc/arm-none-eabi/5.4.1/../../../../arm-none-eabi/lib/armv7-m\libg_nano.a(lib_a-errno.o)
 .debug_frame   0x0000208c       0x28 c:/program files (x86)/cypress/psoc creator/4.2/psoc creator/import/gnu/arm/5.4.1/bin/../lib/gcc/arm-none-eabi/5.4.1/../../../../arm-none-eabi/lib/armv7-m\libg_nano.a(lib_a-exit.o)
 .debug_frame   0x000020b4       0x2c c:/program files (x86)/cypress/psoc creator/4.2/psoc creator/import/gnu/arm/5.4.1/bin/../lib/gcc/arm-none-eabi/5.4.1/../../../../arm-none-eabi/lib/armv7-m\libg_nano.a(lib_a-init.o)
 .debug_frame   0x000020e0       0x28 c:/program files (x86)/cypress/psoc creator/4.2/psoc creator/import/gnu/arm/5.4.1/bin/../lib/gcc/arm-none-eabi/5.4.1/../../../../arm-none-eabi/lib/armv7-m\libg_nano.a(lib_a-memcpy-stub.o)
 .debug_frame   0x00002108       0x20 c:/program files (x86)/cypress/psoc creator/4.2/psoc creator/import/gnu/arm/5.4.1/bin/../lib/gcc/arm-none-eabi/5.4.1/../../../../arm-none-eabi/lib/armv7-m\libg_nano.a(lib_a-memset.o)
 .debug_frame   0x00002128       0x70 c:/program files (x86)/cypress/psoc creator/4.2/psoc creator/import/gnu/arm/5.4.1/bin/../lib/gcc/arm-none-eabi/5.4.1/../../../../arm-none-eabi/lib/armv7-m\libg_nano.a(lib_a-sprintf.o)
 .debug_frame   0x00002198       0x90 c:/program files (x86)/cypress/psoc creator/4.2/psoc creator/import/gnu/arm/5.4.1/bin/../lib/gcc/arm-none-eabi/5.4.1/../../../../arm-none-eabi/lib/armv7-m\libg_nano.a(lib_a-nano-svfprintf.o)
 .debug_frame   0x00002228       0x60 c:/program files (x86)/cypress/psoc creator/4.2/psoc creator/import/gnu/arm/5.4.1/bin/../lib/gcc/arm-none-eabi/5.4.1/../../../../arm-none-eabi/lib/armv7-m\libg_nano.a(lib_a-nano-vfprintf_i.o)
 .debug_frame   0x00002288       0x28 c:/program files (x86)/cypress/psoc creator/4.2/psoc creator/import/gnu/arm/5.4.1/bin/../lib/gcc/arm-none-eabi/5.4.1/../../../../arm-none-eabi/lib/armv7-m\libg_nano.a(lib_a-memchr-stub.o)
 .debug_frame   0x000022b0       0x28 c:/program files (x86)/cypress/psoc creator/4.2/psoc creator/import/gnu/arm/5.4.1/bin/../lib/gcc/arm-none-eabi/5.4.1/../../../../arm-none-eabi/lib/armv7-m\libg_nano.a(lib_a-memmove.o)
 .debug_frame   0x000022d8       0x38 c:/program files (x86)/cypress/psoc creator/4.2/psoc creator/import/gnu/arm/5.4.1/bin/../lib/gcc/arm-none-eabi/5.4.1/../../../../arm-none-eabi/lib/armv7-m\libg_nano.a(lib_a-nano-freer.o)
 .debug_frame   0x00002310       0x2c c:/program files (x86)/cypress/psoc creator/4.2/psoc creator/import/gnu/arm/5.4.1/bin/../lib/gcc/arm-none-eabi/5.4.1/../../../../arm-none-eabi/lib/armv7-m\libg_nano.a(lib_a-nano-mallocr.o)
 .debug_frame   0x0000233c       0x3c c:/program files (x86)/cypress/psoc creator/4.2/psoc creator/import/gnu/arm/5.4.1/bin/../lib/gcc/arm-none-eabi/5.4.1/../../../../arm-none-eabi/lib/armv7-m\libg_nano.a(lib_a-nano-reallocr.o)
 .debug_frame   0x00002378       0x2c c:/program files (x86)/cypress/psoc creator/4.2/psoc creator/import/gnu/arm/5.4.1/bin/../lib/gcc/arm-none-eabi/5.4.1/../../../../arm-none-eabi/lib/armv7-m\libg_nano.a(lib_a-sbrkr.o)
 .debug_frame   0x000023a4       0x30 c:/program files (x86)/cypress/psoc creator/4.2/psoc creator/import/gnu/arm/5.4.1/bin/../lib/gcc/arm-none-eabi/5.4.1/../../../../arm-none-eabi/lib/armv7-m\libg_nano.a(lib_a-mlock.o)
 .debug_frame   0x000023d4       0x20 c:/program files (x86)/cypress/psoc creator/4.2/psoc creator/import/gnu/arm/5.4.1/bin/../lib/gcc/arm-none-eabi/5.4.1/../../../../arm-none-eabi/lib/armv7-m\libg_nano.a(lib_a-nano-msizer.o)
 .debug_frame   0x000023f4       0x5c c:/program files (x86)/cypress/psoc creator/4.2/psoc creator/import/gnu/arm/5.4.1/bin/../lib/gcc/arm-none-eabi/5.4.1/../../../../arm-none-eabi/lib/armv7-m\libg_nano.a(lib_a-reent.o)

.debug_str      0x00000000     0x2603
 *(.debug_str)
 .debug_str     0x00000000      0x478 .\CortexM3\ARM_GCC_541\Debug\main.o
                                0x4d5 (size before relaxing)
 .debug_str     0x00000478      0x17d .\CortexM3\ARM_GCC_541\Debug\cyfitter_cfg.o
                                0x31f (size before relaxing)
 .debug_str     0x000005f5       0x75 .\CortexM3\ARM_GCC_541\Debug\cymetadata.o
                                0x1ea (size before relaxing)
 .debug_str     0x0000066a      0x13f .\CortexM3\ARM_GCC_541\Debug\Cm3Start.o
                                0x310 (size before relaxing)
 .debug_str     0x000007a9      0x2ad .\CortexM3\ARM_GCC_541\Debug\Domoticaconblink.a(UART.o)
                                0x47b (size before relaxing)
 .debug_str     0x00000a56      0x118 .\CortexM3\ARM_GCC_541\Debug\Domoticaconblink.a(LCD.o)
                                0x331 (size before relaxing)
 .debug_str     0x00000b6e       0xf0 .\CortexM3\ARM_GCC_541\Debug\Domoticaconblink.a(IRQRX.o)
                                0x2ac (size before relaxing)
 .debug_str     0x00000c5e       0xf6 .\CortexM3\ARM_GCC_541\Debug\Domoticaconblink.a(I2C.o)
                                0x2e7 (size before relaxing)
 .debug_str     0x00000d54       0x86 .\CortexM3\ARM_GCC_541\Debug\Domoticaconblink.a(I2C_INT.o)
                                0x265 (size before relaxing)
 .debug_str     0x00000dda       0x56 .\CortexM3\ARM_GCC_541\Debug\Domoticaconblink.a(I2C_PM.o)
                                0x283 (size before relaxing)
 .debug_str     0x00000e30      0x111 .\CortexM3\ARM_GCC_541\Debug\Domoticaconblink.a(I2C_MASTER.o)
                                0x3aa (size before relaxing)
 .debug_str     0x00000f41      0x183 .\CortexM3\ARM_GCC_541\Debug\Domoticaconblink.a(UART_IntClock.o)
                                0x33c (size before relaxing)
 .debug_str     0x000010c4      0x7ab .\CortexM3\ARM_GCC_541\Debug\Domoticaconblink.a(CyLib.o)
                                0xa4d (size before relaxing)
 .debug_str     0x0000186f      0x365 .\CortexM3\ARM_GCC_541\Debug\Domoticaconblink.a(cyPm.o)
                                0x739 (size before relaxing)
 .debug_str     0x00001bd4      0x167 .\CortexM3\ARM_GCC_541\Debug\Domoticaconblink.a(PWM.o)
                                0x356 (size before relaxing)
 .debug_str     0x00001d3b       0x4c .\CortexM3\ARM_GCC_541\Debug\Domoticaconblink.a(PINA.o)
                                0x1e3 (size before relaxing)
 .debug_str     0x00001d87       0x41 .\CortexM3\ARM_GCC_541\Debug\Domoticaconblink.a(PINB.o)
                                0x1e3 (size before relaxing)
 .debug_str     0x00001dc8       0x41 .\CortexM3\ARM_GCC_541\Debug\Domoticaconblink.a(PINC.o)
                                0x1e3 (size before relaxing)
 .debug_str     0x00001e09       0x41 .\CortexM3\ARM_GCC_541\Debug\Domoticaconblink.a(PIND.o)
                                0x1e3 (size before relaxing)
 .debug_str     0x00001e4a      0x1a7 .\CortexM3\ARM_GCC_541\Debug\Domoticaconblink.a(EEPROM.o)
                                0x3c8 (size before relaxing)
 .debug_str     0x00001ff1      0x180 .\CortexM3\ARM_GCC_541\Debug\Domoticaconblink.a(ADC.o)
                                0x42d (size before relaxing)
 .debug_str     0x00002171       0x29 .\CortexM3\ARM_GCC_541\Debug\Domoticaconblink.a(ADC_INT.o)
                                0x195 (size before relaxing)
 .debug_str     0x0000219a      0x16e .\CortexM3\ARM_GCC_541\Debug\Domoticaconblink.a(ADC_theACLK.o)
                                0x367 (size before relaxing)
 .debug_str     0x00002308       0x81 .\CortexM3\ARM_GCC_541\Debug\Domoticaconblink.a(PINMOV.o)
                                0x22b (size before relaxing)
 .debug_str     0x00002389       0xf2 .\CortexM3\ARM_GCC_541\Debug\Domoticaconblink.a(ISR_MOV.o)
                                0x2c8 (size before relaxing)
 .debug_str     0x0000247b      0x11a .\CortexM3\ARM_GCC_541\Debug\Domoticaconblink.a(CyFlash.o)
                                0x3c6 (size before relaxing)
 .debug_str     0x00002595       0x6e .\CortexM3\ARM_GCC_541\Debug\Domoticaconblink.a(CySpc.o)
                                0x33e (size before relaxing)

.debug_loc      0x00000000     0x32c9
 *(.debug_loc)
 .debug_loc     0x00000000      0x130 .\CortexM3\ARM_GCC_541\Debug\main.o
 .debug_loc     0x00000130      0x1fd .\CortexM3\ARM_GCC_541\Debug\cyfitter_cfg.o
 .debug_loc     0x0000032d      0x144 .\CortexM3\ARM_GCC_541\Debug\Cm3Start.o
 .debug_loc     0x00000471      0x258 .\CortexM3\ARM_GCC_541\Debug\Domoticaconblink.a(UART.o)
 .debug_loc     0x000006c9      0x3c6 .\CortexM3\ARM_GCC_541\Debug\Domoticaconblink.a(LCD.o)
 .debug_loc     0x00000a8f       0x56 .\CortexM3\ARM_GCC_541\Debug\Domoticaconblink.a(IRQRX.o)
 .debug_loc     0x00000ae5       0x39 .\CortexM3\ARM_GCC_541\Debug\Domoticaconblink.a(I2C.o)
 .debug_loc     0x00000b1e       0x29 .\CortexM3\ARM_GCC_541\Debug\Domoticaconblink.a(I2C_INT.o)
 .debug_loc     0x00000b47       0x13 .\CortexM3\ARM_GCC_541\Debug\Domoticaconblink.a(I2C_PM.o)
 .debug_loc     0x00000b5a      0x52f .\CortexM3\ARM_GCC_541\Debug\Domoticaconblink.a(I2C_MASTER.o)
 .debug_loc     0x00001089      0x12c .\CortexM3\ARM_GCC_541\Debug\Domoticaconblink.a(UART_IntClock.o)
 .debug_loc     0x000011b5      0xa11 .\CortexM3\ARM_GCC_541\Debug\Domoticaconblink.a(CyLib.o)
 .debug_loc     0x00001bc6      0x1e4 .\CortexM3\ARM_GCC_541\Debug\Domoticaconblink.a(cyPm.o)
 .debug_loc     0x00001daa       0x26 .\CortexM3\ARM_GCC_541\Debug\Domoticaconblink.a(PWM.o)
 .debug_loc     0x00001dd0       0x42 .\CortexM3\ARM_GCC_541\Debug\Domoticaconblink.a(PINA.o)
 .debug_loc     0x00001e12       0x42 .\CortexM3\ARM_GCC_541\Debug\Domoticaconblink.a(PINB.o)
 .debug_loc     0x00001e54       0x42 .\CortexM3\ARM_GCC_541\Debug\Domoticaconblink.a(PINC.o)
 .debug_loc     0x00001e96       0x42 .\CortexM3\ARM_GCC_541\Debug\Domoticaconblink.a(PIND.o)
 .debug_loc     0x00001ed8      0x49f .\CortexM3\ARM_GCC_541\Debug\Domoticaconblink.a(EEPROM.o)
 .debug_loc     0x00002377      0x295 .\CortexM3\ARM_GCC_541\Debug\Domoticaconblink.a(ADC.o)
 .debug_loc     0x0000260c      0x14d .\CortexM3\ARM_GCC_541\Debug\Domoticaconblink.a(ADC_theACLK.o)
 .debug_loc     0x00002759       0x63 .\CortexM3\ARM_GCC_541\Debug\Domoticaconblink.a(PINMOV.o)
 .debug_loc     0x000027bc       0x56 .\CortexM3\ARM_GCC_541\Debug\Domoticaconblink.a(ISR_MOV.o)
 .debug_loc     0x00002812      0x3b2 .\CortexM3\ARM_GCC_541\Debug\Domoticaconblink.a(CyFlash.o)
 .debug_loc     0x00002bc4      0x705 .\CortexM3\ARM_GCC_541\Debug\Domoticaconblink.a(CySpc.o)

.debug_macinfo
 *(.debug_macinfo)

.debug_ranges   0x00000000      0xb38
 *(.debug_ranges)
 .debug_ranges  0x00000000       0x50 .\CortexM3\ARM_GCC_541\Debug\main.o
 .debug_ranges  0x00000050       0x48 .\CortexM3\ARM_GCC_541\Debug\cyfitter_cfg.o
 .debug_ranges  0x00000098       0x38 .\CortexM3\ARM_GCC_541\Debug\Cm3Start.o
 .debug_ranges  0x000000d0       0xe0 .\CortexM3\ARM_GCC_541\Debug\Domoticaconblink.a(UART.o)
 .debug_ranges  0x000001b0       0x88 .\CortexM3\ARM_GCC_541\Debug\Domoticaconblink.a(LCD.o)
 .debug_ranges  0x00000238       0x70 .\CortexM3\ARM_GCC_541\Debug\Domoticaconblink.a(IRQRX.o)
 .debug_ranges  0x000002a8       0x28 .\CortexM3\ARM_GCC_541\Debug\Domoticaconblink.a(I2C.o)
 .debug_ranges  0x000002d0       0x10 .\CortexM3\ARM_GCC_541\Debug\Domoticaconblink.a(I2C_INT.o)
 .debug_ranges  0x000002e0       0x28 .\CortexM3\ARM_GCC_541\Debug\Domoticaconblink.a(I2C_PM.o)
 .debug_ranges  0x00000308       0x70 .\CortexM3\ARM_GCC_541\Debug\Domoticaconblink.a(I2C_MASTER.o)
 .debug_ranges  0x00000378       0x60 .\CortexM3\ARM_GCC_541\Debug\Domoticaconblink.a(UART_IntClock.o)
 .debug_ranges  0x000003d8      0x290 .\CortexM3\ARM_GCC_541\Debug\Domoticaconblink.a(CyLib.o)
 .debug_ranges  0x00000668       0x88 .\CortexM3\ARM_GCC_541\Debug\Domoticaconblink.a(cyPm.o)
 .debug_ranges  0x000006f0       0x98 .\CortexM3\ARM_GCC_541\Debug\Domoticaconblink.a(PWM.o)
 .debug_ranges  0x00000788       0x28 .\CortexM3\ARM_GCC_541\Debug\Domoticaconblink.a(PINA.o)
 .debug_ranges  0x000007b0       0x28 .\CortexM3\ARM_GCC_541\Debug\Domoticaconblink.a(PINB.o)
 .debug_ranges  0x000007d8       0x28 .\CortexM3\ARM_GCC_541\Debug\Domoticaconblink.a(PINC.o)
 .debug_ranges  0x00000800       0x28 .\CortexM3\ARM_GCC_541\Debug\Domoticaconblink.a(PIND.o)
 .debug_ranges  0x00000828       0x68 .\CortexM3\ARM_GCC_541\Debug\Domoticaconblink.a(EEPROM.o)
 .debug_ranges  0x00000890       0x98 .\CortexM3\ARM_GCC_541\Debug\Domoticaconblink.a(ADC.o)
 .debug_ranges  0x00000928       0x10 .\CortexM3\ARM_GCC_541\Debug\Domoticaconblink.a(ADC_INT.o)
 .debug_ranges  0x00000938       0x70 .\CortexM3\ARM_GCC_541\Debug\Domoticaconblink.a(ADC_theACLK.o)
 .debug_ranges  0x000009a8       0x38 .\CortexM3\ARM_GCC_541\Debug\Domoticaconblink.a(PINMOV.o)
 .debug_ranges  0x000009e0       0x70 .\CortexM3\ARM_GCC_541\Debug\Domoticaconblink.a(ISR_MOV.o)
 .debug_ranges  0x00000a50       0x78 .\CortexM3\ARM_GCC_541\Debug\Domoticaconblink.a(CyFlash.o)
 .debug_ranges  0x00000ac8       0x70 .\CortexM3\ARM_GCC_541\Debug\Domoticaconblink.a(CySpc.o)

.comment        0x00000000       0x6e
 .comment       0x00000000       0x6e .\CortexM3\ARM_GCC_541\Debug\main.o
                                 0x6f (size before relaxing)
 .comment       0x0000006e       0x6f .\CortexM3\ARM_GCC_541\Debug\cyfitter_cfg.o
 .comment       0x0000006e       0x6f .\CortexM3\ARM_GCC_541\Debug\cymetadata.o
 .comment       0x0000006e       0x6f .\CortexM3\ARM_GCC_541\Debug\Cm3Start.o
 .comment       0x0000006e       0x6f .\CortexM3\ARM_GCC_541\Debug\Domoticaconblink.a(UART.o)
 .comment       0x0000006e       0x6f .\CortexM3\ARM_GCC_541\Debug\Domoticaconblink.a(LCD.o)
 .comment       0x0000006e       0x6f .\CortexM3\ARM_GCC_541\Debug\Domoticaconblink.a(IRQRX.o)
 .comment       0x0000006e       0x6f .\CortexM3\ARM_GCC_541\Debug\Domoticaconblink.a(I2C.o)
 .comment       0x0000006e       0x6f .\CortexM3\ARM_GCC_541\Debug\Domoticaconblink.a(I2C_INT.o)
 .comment       0x0000006e       0x6f .\CortexM3\ARM_GCC_541\Debug\Domoticaconblink.a(I2C_PM.o)
 .comment       0x0000006e       0x6f .\CortexM3\ARM_GCC_541\Debug\Domoticaconblink.a(I2C_MASTER.o)
 .comment       0x0000006e       0x6f .\CortexM3\ARM_GCC_541\Debug\Domoticaconblink.a(UART_IntClock.o)
 .comment       0x0000006e       0x6f .\CortexM3\ARM_GCC_541\Debug\Domoticaconblink.a(CyLib.o)
 .comment       0x0000006e       0x6f .\CortexM3\ARM_GCC_541\Debug\Domoticaconblink.a(cyPm.o)
 .comment       0x0000006e       0x6f .\CortexM3\ARM_GCC_541\Debug\Domoticaconblink.a(PWM.o)
 .comment       0x0000006e       0x6f .\CortexM3\ARM_GCC_541\Debug\Domoticaconblink.a(PINA.o)
 .comment       0x0000006e       0x6f .\CortexM3\ARM_GCC_541\Debug\Domoticaconblink.a(PINB.o)
 .comment       0x0000006e       0x6f .\CortexM3\ARM_GCC_541\Debug\Domoticaconblink.a(PINC.o)
 .comment       0x0000006e       0x6f .\CortexM3\ARM_GCC_541\Debug\Domoticaconblink.a(PIND.o)
 .comment       0x0000006e       0x6f .\CortexM3\ARM_GCC_541\Debug\Domoticaconblink.a(EEPROM.o)
 .comment       0x0000006e       0x6f .\CortexM3\ARM_GCC_541\Debug\Domoticaconblink.a(ADC.o)
 .comment       0x0000006e       0x6f .\CortexM3\ARM_GCC_541\Debug\Domoticaconblink.a(ADC_INT.o)
 .comment       0x0000006e       0x6f .\CortexM3\ARM_GCC_541\Debug\Domoticaconblink.a(ADC_theACLK.o)
 .comment       0x0000006e       0x6f .\CortexM3\ARM_GCC_541\Debug\Domoticaconblink.a(PINMOV.o)
 .comment       0x0000006e       0x6f .\CortexM3\ARM_GCC_541\Debug\Domoticaconblink.a(ISR_MOV.o)
 .comment       0x0000006e       0x6f .\CortexM3\ARM_GCC_541\Debug\Domoticaconblink.a(CyFlash.o)
 .comment       0x0000006e       0x6f .\CortexM3\ARM_GCC_541\Debug\Domoticaconblink.a(CySpc.o)

.debug_weaknames
 *(.debug_weaknames)

.debug_funcnames
 *(.debug_funcnames)

.debug_typenames
 *(.debug_typenames)

.debug_varnames
 *(.debug_varnames)

.note.gnu.arm.ident
 *(.note.gnu.arm.ident)

.ARM.attributes
                0x00000000       0x29
 *(.ARM.attributes)
 .ARM.attributes
                0x00000000       0x1d c:/program files (x86)/cypress/psoc creator/4.2/psoc creator/import/gnu/arm/5.4.1/bin/../lib/gcc/arm-none-eabi/5.4.1/armv7-m/crti.o
 .ARM.attributes
                0x0000001d       0x2d c:/program files (x86)/cypress/psoc creator/4.2/psoc creator/import/gnu/arm/5.4.1/bin/../lib/gcc/arm-none-eabi/5.4.1/armv7-m/crtbegin.o
 .ARM.attributes
                0x0000004a       0x1b c:/program files (x86)/cypress/psoc creator/4.2/psoc creator/import/gnu/arm/5.4.1/bin/../lib/gcc/arm-none-eabi/5.4.1/../../../../arm-none-eabi/lib/armv7-m/crt0.o
 .ARM.attributes
                0x00000065       0x33 .\CortexM3\ARM_GCC_541\Debug\main.o
 .ARM.attributes
                0x00000098       0x33 .\CortexM3\ARM_GCC_541\Debug\cyfitter_cfg.o
 .ARM.attributes
                0x000000cb       0x33 .\CortexM3\ARM_GCC_541\Debug\cymetadata.o
 .ARM.attributes
                0x000000fe       0x33 .\CortexM3\ARM_GCC_541\Debug\Cm3Start.o
 .ARM.attributes
                0x00000131       0x33 .\CortexM3\ARM_GCC_541\Debug\Domoticaconblink.a(UART.o)
 .ARM.attributes
                0x00000164       0x33 .\CortexM3\ARM_GCC_541\Debug\Domoticaconblink.a(LCD.o)
 .ARM.attributes
                0x00000197       0x33 .\CortexM3\ARM_GCC_541\Debug\Domoticaconblink.a(IRQRX.o)
 .ARM.attributes
                0x000001ca       0x33 .\CortexM3\ARM_GCC_541\Debug\Domoticaconblink.a(I2C.o)
 .ARM.attributes
                0x000001fd       0x33 .\CortexM3\ARM_GCC_541\Debug\Domoticaconblink.a(I2C_INT.o)
 .ARM.attributes
                0x00000230       0x33 .\CortexM3\ARM_GCC_541\Debug\Domoticaconblink.a(I2C_PM.o)
 .ARM.attributes
                0x00000263       0x33 .\CortexM3\ARM_GCC_541\Debug\Domoticaconblink.a(I2C_MASTER.o)
 .ARM.attributes
                0x00000296       0x33 .\CortexM3\ARM_GCC_541\Debug\Domoticaconblink.a(UART_IntClock.o)
 .ARM.attributes
                0x000002c9       0x33 .\CortexM3\ARM_GCC_541\Debug\Domoticaconblink.a(CyLib.o)
 .ARM.attributes
                0x000002fc       0x33 .\CortexM3\ARM_GCC_541\Debug\Domoticaconblink.a(cyPm.o)
 .ARM.attributes
                0x0000032f       0x33 .\CortexM3\ARM_GCC_541\Debug\Domoticaconblink.a(PWM.o)
 .ARM.attributes
                0x00000362       0x33 .\CortexM3\ARM_GCC_541\Debug\Domoticaconblink.a(PINA.o)
 .ARM.attributes
                0x00000395       0x33 .\CortexM3\ARM_GCC_541\Debug\Domoticaconblink.a(PINB.o)
 .ARM.attributes
                0x000003c8       0x33 .\CortexM3\ARM_GCC_541\Debug\Domoticaconblink.a(PINC.o)
 .ARM.attributes
                0x000003fb       0x33 .\CortexM3\ARM_GCC_541\Debug\Domoticaconblink.a(PIND.o)
 .ARM.attributes
                0x0000042e       0x33 .\CortexM3\ARM_GCC_541\Debug\Domoticaconblink.a(EEPROM.o)
 .ARM.attributes
                0x00000461       0x33 .\CortexM3\ARM_GCC_541\Debug\Domoticaconblink.a(ADC.o)
 .ARM.attributes
                0x00000494       0x33 .\CortexM3\ARM_GCC_541\Debug\Domoticaconblink.a(ADC_INT.o)
 .ARM.attributes
                0x000004c7       0x33 .\CortexM3\ARM_GCC_541\Debug\Domoticaconblink.a(ADC_theACLK.o)
 .ARM.attributes
                0x000004fa       0x33 .\CortexM3\ARM_GCC_541\Debug\Domoticaconblink.a(PINMOV.o)
 .ARM.attributes
                0x0000052d       0x33 .\CortexM3\ARM_GCC_541\Debug\Domoticaconblink.a(ISR_MOV.o)
 .ARM.attributes
                0x00000560       0x21 .\CortexM3\ARM_GCC_541\Debug\Domoticaconblink.a(CyBootAsmGnu.o)
 .ARM.attributes
                0x00000581       0x33 .\CortexM3\ARM_GCC_541\Debug\Domoticaconblink.a(CyFlash.o)
 .ARM.attributes
                0x000005b4       0x33 .\CortexM3\ARM_GCC_541\Debug\Domoticaconblink.a(CySpc.o)
 .ARM.attributes
                0x000005e7       0x1d c:/program files (x86)/cypress/psoc creator/4.2/psoc creator/import/gnu/arm/5.4.1/bin/../lib/gcc/arm-none-eabi/5.4.1/armv7-m\libgcc.a(_arm_addsubsf3.o)
 .ARM.attributes
                0x00000604       0x1d c:/program files (x86)/cypress/psoc creator/4.2/psoc creator/import/gnu/arm/5.4.1/bin/../lib/gcc/arm-none-eabi/5.4.1/armv7-m\libgcc.a(_arm_muldivsf3.o)
 .ARM.attributes
                0x00000621       0x1d c:/program files (x86)/cypress/psoc creator/4.2/psoc creator/import/gnu/arm/5.4.1/bin/../lib/gcc/arm-none-eabi/5.4.1/armv7-m\libgcc.a(_aeabi_ldivmod.o)
 .ARM.attributes
                0x0000063e       0x2d c:/program files (x86)/cypress/psoc creator/4.2/psoc creator/import/gnu/arm/5.4.1/bin/../lib/gcc/arm-none-eabi/5.4.1/armv7-m\libgcc.a(_udivmoddi4.o)
 .ARM.attributes
                0x0000066b       0x1d c:/program files (x86)/cypress/psoc creator/4.2/psoc creator/import/gnu/arm/5.4.1/bin/../lib/gcc/arm-none-eabi/5.4.1/armv7-m\libgcc.a(_dvmd_tls.o)
 .ARM.attributes
                0x00000688       0x2d c:/program files (x86)/cypress/psoc creator/4.2/psoc creator/import/gnu/arm/5.4.1/bin/../lib/gcc/arm-none-eabi/5.4.1/../../../../arm-none-eabi/lib/armv7-m\libg_nano.a(lib_a-errno.o)
 .ARM.attributes
                0x000006b5       0x2d c:/program files (x86)/cypress/psoc creator/4.2/psoc creator/import/gnu/arm/5.4.1/bin/../lib/gcc/arm-none-eabi/5.4.1/../../../../arm-none-eabi/lib/armv7-m\libg_nano.a(lib_a-exit.o)
 .ARM.attributes
                0x000006e2       0x2d c:/program files (x86)/cypress/psoc creator/4.2/psoc creator/import/gnu/arm/5.4.1/bin/../lib/gcc/arm-none-eabi/5.4.1/../../../../arm-none-eabi/lib/armv7-m\libg_nano.a(lib_a-impure.o)
 .ARM.attributes
                0x0000070f       0x2d c:/program files (x86)/cypress/psoc creator/4.2/psoc creator/import/gnu/arm/5.4.1/bin/../lib/gcc/arm-none-eabi/5.4.1/../../../../arm-none-eabi/lib/armv7-m\libg_nano.a(lib_a-init.o)
 .ARM.attributes
                0x0000073c       0x2d c:/program files (x86)/cypress/psoc creator/4.2/psoc creator/import/gnu/arm/5.4.1/bin/../lib/gcc/arm-none-eabi/5.4.1/../../../../arm-none-eabi/lib/armv7-m\libg_nano.a(lib_a-memcpy-stub.o)
 .ARM.attributes
                0x00000769       0x2d c:/program files (x86)/cypress/psoc creator/4.2/psoc creator/import/gnu/arm/5.4.1/bin/../lib/gcc/arm-none-eabi/5.4.1/../../../../arm-none-eabi/lib/armv7-m\libg_nano.a(lib_a-memset.o)
 .ARM.attributes
                0x00000796       0x2d c:/program files (x86)/cypress/psoc creator/4.2/psoc creator/import/gnu/arm/5.4.1/bin/../lib/gcc/arm-none-eabi/5.4.1/../../../../arm-none-eabi/lib/armv7-m\libg_nano.a(lib_a-sprintf.o)
 .ARM.attributes
                0x000007c3       0x2d c:/program files (x86)/cypress/psoc creator/4.2/psoc creator/import/gnu/arm/5.4.1/bin/../lib/gcc/arm-none-eabi/5.4.1/../../../../arm-none-eabi/lib/armv7-m\libg_nano.a(lib_a-nano-svfprintf.o)
 .ARM.attributes
                0x000007f0       0x2d c:/program files (x86)/cypress/psoc creator/4.2/psoc creator/import/gnu/arm/5.4.1/bin/../lib/gcc/arm-none-eabi/5.4.1/../../../../arm-none-eabi/lib/armv7-m\libg_nano.a(lib_a-nano-vfprintf_i.o)
 .ARM.attributes
                0x0000081d       0x2d c:/program files (x86)/cypress/psoc creator/4.2/psoc creator/import/gnu/arm/5.4.1/bin/../lib/gcc/arm-none-eabi/5.4.1/../../../../arm-none-eabi/lib/armv7-m\libg_nano.a(lib_a-memchr-stub.o)
 .ARM.attributes
                0x0000084a       0x2d c:/program files (x86)/cypress/psoc creator/4.2/psoc creator/import/gnu/arm/5.4.1/bin/../lib/gcc/arm-none-eabi/5.4.1/../../../../arm-none-eabi/lib/armv7-m\libg_nano.a(lib_a-memmove.o)
 .ARM.attributes
                0x00000877       0x2d c:/program files (x86)/cypress/psoc creator/4.2/psoc creator/import/gnu/arm/5.4.1/bin/../lib/gcc/arm-none-eabi/5.4.1/../../../../arm-none-eabi/lib/armv7-m\libg_nano.a(lib_a-nano-freer.o)
 .ARM.attributes
                0x000008a4       0x2d c:/program files (x86)/cypress/psoc creator/4.2/psoc creator/import/gnu/arm/5.4.1/bin/../lib/gcc/arm-none-eabi/5.4.1/../../../../arm-none-eabi/lib/armv7-m\libg_nano.a(lib_a-nano-mallocr.o)
 .ARM.attributes
                0x000008d1       0x2d c:/program files (x86)/cypress/psoc creator/4.2/psoc creator/import/gnu/arm/5.4.1/bin/../lib/gcc/arm-none-eabi/5.4.1/../../../../arm-none-eabi/lib/armv7-m\libg_nano.a(lib_a-nano-reallocr.o)
 .ARM.attributes
                0x000008fe       0x2d c:/program files (x86)/cypress/psoc creator/4.2/psoc creator/import/gnu/arm/5.4.1/bin/../lib/gcc/arm-none-eabi/5.4.1/../../../../arm-none-eabi/lib/armv7-m\libg_nano.a(lib_a-sbrkr.o)
 .ARM.attributes
                0x0000092b       0x2d c:/program files (x86)/cypress/psoc creator/4.2/psoc creator/import/gnu/arm/5.4.1/bin/../lib/gcc/arm-none-eabi/5.4.1/../../../../arm-none-eabi/lib/armv7-m\libg_nano.a(lib_a-mlock.o)
 .ARM.attributes
                0x00000958       0x2d c:/program files (x86)/cypress/psoc creator/4.2/psoc creator/import/gnu/arm/5.4.1/bin/../lib/gcc/arm-none-eabi/5.4.1/../../../../arm-none-eabi/lib/armv7-m\libg_nano.a(lib_a-nano-msizer.o)
 .ARM.attributes
                0x00000985       0x2d c:/program files (x86)/cypress/psoc creator/4.2/psoc creator/import/gnu/arm/5.4.1/bin/../lib/gcc/arm-none-eabi/5.4.1/../../../../arm-none-eabi/lib/armv7-m\libg_nano.a(lib_a-reent.o)
 .ARM.attributes
                0x000009b2       0x2d c:/program files (x86)/cypress/psoc creator/4.2/psoc creator/import/gnu/arm/5.4.1/bin/../lib/gcc/arm-none-eabi/5.4.1/armv7-m/crtend.o
 .ARM.attributes
                0x000009df       0x1d c:/program files (x86)/cypress/psoc creator/4.2/psoc creator/import/gnu/arm/5.4.1/bin/../lib/gcc/arm-none-eabi/5.4.1/armv7-m/crtn.o

/DISCARD/
 *(.note.GNU-stack)
OUTPUT(C:\Users\nikod\Documents\PSoC Creator\Final\PSoC\Domoticaconblink.cydsn\CortexM3\ARM_GCC_541\Debug\Domoticaconblink.elf elf32-littlearm)
